Archive member included to satisfy reference by file (symbol)

C:\Users\Admin\e2_studio\workspace_disseration\UsbTransfer\synergy\ssp\src\driver\r_fmi\libs\libfmi_cm4_s7g2_gcc.a(r_fmi.o)
                              ./synergy/ssp/src/framework/sf_el_ux/ux_dcd_synergy_initialize.o (g_fmi_on_fmi)
C:\Users\Admin\e2_studio\workspace_disseration\UsbTransfer\synergy\ssp\src\bsp\mcu\s7g2\libfmi_R7FS7G27H3A01CFC_gcc.a(bsp_fmi_R7FS7G27H3A01CFC.o)
                              C:\Users\Admin\e2_studio\workspace_disseration\UsbTransfer\synergy\ssp\src\driver\r_fmi\libs\libfmi_cm4_s7g2_gcc.a(r_fmi.o) (g_fmi_data)
C:\Users\Admin\e2_studio\workspace_disseration\UsbTransfer\synergy\ssp\src\framework\el\tx\cm4_gcc\libtx.a(txe_mutex_create.o)
                              ./synergy/ssp/src/framework/sf_el_ux_comms_v2/sf_el_ux_comms.o (_txe_mutex_create)
C:\Users\Admin\e2_studio\workspace_disseration\UsbTransfer\synergy\ssp\src\framework\el\tx\cm4_gcc\libtx.a(txe_mutex_delete.o)
                              ./synergy/ssp/src/framework/sf_el_ux_comms_v2/sf_el_ux_comms.o (_txe_mutex_delete)
C:\Users\Admin\e2_studio\workspace_disseration\UsbTransfer\synergy\ssp\src\framework\el\tx\cm4_gcc\libtx.a(txe_mutex_get.o)
                              ./synergy/ssp/src/framework/sf_el_ux_comms_v2/sf_el_ux_comms.o (_txe_mutex_get)
C:\Users\Admin\e2_studio\workspace_disseration\UsbTransfer\synergy\ssp\src\framework\el\tx\cm4_gcc\libtx.a(txe_mutex_put.o)
                              ./synergy/ssp/src/framework/sf_el_ux_comms_v2/sf_el_ux_comms.o (_txe_mutex_put)
C:\Users\Admin\e2_studio\workspace_disseration\UsbTransfer\synergy\ssp\src\framework\el\tx\cm4_gcc\libtx.a(txe_queue_create.o)
                              ./src/synergy_gen/comms_thread.o (_txe_queue_create)
C:\Users\Admin\e2_studio\workspace_disseration\UsbTransfer\synergy\ssp\src\framework\el\tx\cm4_gcc\libtx.a(txe_queue_receive.o)
                              ./src/comms_thread_entry.o (_txe_queue_receive)
C:\Users\Admin\e2_studio\workspace_disseration\UsbTransfer\synergy\ssp\src\framework\el\tx\cm4_gcc\libtx.a(txe_queue_send.o)
                              ./src/led_thread_entry.o (_txe_queue_send)
C:\Users\Admin\e2_studio\workspace_disseration\UsbTransfer\synergy\ssp\src\framework\el\tx\cm4_gcc\libtx.a(txe_semaphore_ceiling_put.o)
                              ./src/synergy_gen/comms_thread.o (_txe_semaphore_ceiling_put)
C:\Users\Admin\e2_studio\workspace_disseration\UsbTransfer\synergy\ssp\src\framework\el\tx\cm4_gcc\libtx.a(txe_semaphore_create.o)
                              ./synergy/ssp/src/framework/sf_el_ux_comms_v2/sf_el_ux_comms.o (_txe_semaphore_create)
C:\Users\Admin\e2_studio\workspace_disseration\UsbTransfer\synergy\ssp\src\framework\el\tx\cm4_gcc\libtx.a(txe_semaphore_delete.o)
                              ./synergy/ssp/src/framework/sf_el_ux_comms_v2/sf_el_ux_comms.o (_txe_semaphore_delete)
C:\Users\Admin\e2_studio\workspace_disseration\UsbTransfer\synergy\ssp\src\framework\el\tx\cm4_gcc\libtx.a(txe_semaphore_get.o)
                              ./synergy/ssp/src/framework/sf_el_ux_comms_v2/sf_el_ux_comms.o (_txe_semaphore_get)
C:\Users\Admin\e2_studio\workspace_disseration\UsbTransfer\synergy\ssp\src\framework\el\tx\cm4_gcc\libtx.a(txe_semaphore_put.o)
                              ./src/synergy_gen/main.o (_txe_semaphore_put)
C:\Users\Admin\e2_studio\workspace_disseration\UsbTransfer\synergy\ssp\src\framework\el\tx\cm4_gcc\libtx.a(txe_thread_create.o)
                              ./src/synergy_gen/comms_thread.o (_txe_thread_create)
C:\Users\Admin\e2_studio\workspace_disseration\UsbTransfer\synergy\ssp\src\framework\el\tx\cm4_gcc\libtx.a(tx_initialize_high_level.o)
                              C:\Users\Admin\e2_studio\workspace_disseration\UsbTransfer\synergy\ssp\src\framework\el\tx\cm4_gcc\libtx.a(txe_mutex_create.o) (_tx_mutex_created_count)
C:\Users\Admin\e2_studio\workspace_disseration\UsbTransfer\synergy\ssp\src\framework\el\tx\cm4_gcc\libtx.a(tx_initialize_kernel_enter.o)
                              ./src/synergy_gen/main.o (_tx_initialize_kernel_enter)
C:\Users\Admin\e2_studio\workspace_disseration\UsbTransfer\synergy\ssp\src\framework\el\tx\cm4_gcc\libtx.a(tx_isr_end.o)
                              ./synergy/ssp/src/framework/sf_el_ux/usb_irq_veneer.o (tx_isr_end)
C:\Users\Admin\e2_studio\workspace_disseration\UsbTransfer\synergy\ssp\src\framework\el\tx\cm4_gcc\libtx.a(tx_isr_start.o)
                              ./synergy/ssp/src/framework/sf_el_ux/usb_irq_veneer.o (tx_isr_start)
C:\Users\Admin\e2_studio\workspace_disseration\UsbTransfer\synergy\ssp\src\framework\el\tx\cm4_gcc\libtx.a(tx_mutex_create.o)
                              C:\Users\Admin\e2_studio\workspace_disseration\UsbTransfer\synergy\ssp\src\framework\el\tx\cm4_gcc\libtx.a(txe_mutex_create.o) (_tx_mutex_create)
C:\Users\Admin\e2_studio\workspace_disseration\UsbTransfer\synergy\ssp\src\framework\el\tx\cm4_gcc\libtx.a(tx_mutex_delete.o)
[...]
Memory Configuration

Name             Origin             Length             Attributes
FLASH            0x00000000         0x00400000         xr
RAM              0x1ffe0000         0x000a0000         xrw
DATA_FLASH       0x40100000         0x00010000         xr
QSPI_FLASH       0x60000000         0x04000000         xr
SDRAM            0x90000000         0x02000000         xrw
ID_CODES         0x40120050         0x00000010         xr
*default*        0x00000000         0xffffffff

Linker script and memory map

LOAD c:/renesas/synergy/e2studio_v2022-04_ssp_v2.3.0/toolchains/gcc_arm/gcc-arm-none-eabi-10.3-2021.10/bin/../lib/gcc/arm-none-eabi/10.3.1/thumb/v7e-m+fp/hard/crti.o
LOAD c:/renesas/synergy/e2studio_v2022-04_ssp_v2.3.0/toolchains/gcc_arm/gcc-arm-none-eabi-10.3-2021.10/bin/../lib/gcc/arm-none-eabi/10.3.1/thumb/v7e-m+fp/hard/crtbegin.o
LOAD c:/renesas/synergy/e2studio_v2022-04_ssp_v2.3.0/toolchains/gcc_arm/gcc-arm-none-eabi-10.3-2021.10/bin/../lib/gcc/arm-none-eabi/10.3.1/../../../../arm-none-eabi/lib/thumb/v7e-m+fp/hard/rdimon-crt0.o
START GROUP
LOAD ./synergy/ssp/src/framework/sf_el_ux_comms_v2/sf_el_ux_comms.o
LOAD ./synergy/ssp/src/framework/sf_el_ux/usb_irq_veneer.o
LOAD ./synergy/ssp/src/framework/sf_el_ux/usbfs_irq_veneer.o
LOAD ./synergy/ssp/src/framework/sf_el_ux/ux_dcd_synergy_buffer_empty_interrupt.o
LOAD ./synergy/ssp/src/framework/sf_el_ux/ux_dcd_synergy_buffer_notready_interrupt.o
LOAD ./synergy/ssp/src/framework/sf_el_ux/ux_dcd_synergy_buffer_read.o
LOAD ./synergy/ssp/src/framework/sf_el_ux/ux_dcd_synergy_buffer_ready_interrupt.o
LOAD ./synergy/ssp/src/framework/sf_el_ux/ux_dcd_synergy_buffer_write.o
LOAD ./synergy/ssp/src/framework/sf_el_ux/ux_dcd_synergy_current_endpoint_change.o
LOAD ./synergy/ssp/src/framework/sf_el_ux/ux_dcd_synergy_data_buffersize.o
LOAD ./synergy/ssp/src/framework/sf_el_ux/ux_dcd_synergy_endpoint_create.o
LOAD ./synergy/ssp/src/framework/sf_el_ux/ux_dcd_synergy_endpoint_destroy.o
LOAD ./synergy/ssp/src/framework/sf_el_ux/ux_dcd_synergy_endpoint_nak_set.o
LOAD ./synergy/ssp/src/framework/sf_el_ux/ux_dcd_synergy_endpoint_reset.o
LOAD ./synergy/ssp/src/framework/sf_el_ux/ux_dcd_synergy_endpoint_stall.o
LOAD ./synergy/ssp/src/framework/sf_el_ux/ux_dcd_synergy_endpoint_status.o
LOAD ./synergy/ssp/src/framework/sf_el_ux/ux_dcd_synergy_fifo_port_change.o
LOAD ./synergy/ssp/src/framework/sf_el_ux/ux_dcd_synergy_fifo_read.o
LOAD ./synergy/ssp/src/framework/sf_el_ux/ux_dcd_synergy_fifoc_write.o
LOAD ./synergy/ssp/src/framework/sf_el_ux/ux_dcd_synergy_fifod_write.o
LOAD ./synergy/ssp/src/framework/sf_el_ux/ux_dcd_synergy_frame_number_get.o
LOAD ./synergy/ssp/src/framework/sf_el_ux/ux_dcd_synergy_function.o
LOAD ./synergy/ssp/src/framework/sf_el_ux/ux_dcd_synergy_initialize.o
LOAD ./synergy/ssp/src/framework/sf_el_ux/ux_dcd_synergy_initialize_complete.o
LOAD ./synergy/ssp/src/framework/sf_el_ux/ux_dcd_synergy_interrupt_handler.o
LOAD ./synergy/ssp/src/framework/sf_el_ux/ux_dcd_synergy_register_clear.o
LOAD ./synergy/ssp/src/framework/sf_el_ux/ux_dcd_synergy_register_read.o
LOAD ./synergy/ssp/src/framework/sf_el_ux/ux_dcd_synergy_register_set.o
LOAD ./synergy/ssp/src/framework/sf_el_ux/ux_dcd_synergy_register_write.o
LOAD ./synergy/ssp/src/framework/sf_el_ux/ux_dcd_synergy_transfer_abort.o
LOAD ./synergy/ssp/src/framework/sf_el_ux/ux_dcd_synergy_transfer_callback.o
LOAD ./synergy/ssp/src/framework/sf_el_ux/ux_dcd_synergy_transfer_request.o
LOAD ./synergy/ssp/src/framework/sf_el_ux/ux_dcd_synergy_uninitialize.o
LOAD ./synergy/ssp/src/framework/sf_el_ux/ux_hcd_synergy_asynch_queue_process.o
LOAD ./synergy/ssp/src/framework/sf_el_ux/ux_hcd_synergy_asynch_queue_process_bemp.o
LOAD ./synergy/ssp/src/framework/sf_el_ux/ux_hcd_synergy_asynch_queue_process_brdy.o
LOAD ./synergy/ssp/src/framework/sf_el_ux/ux_hcd_synergy_asynch_queue_process_nrdy.o
LOAD ./synergy/ssp/src/framework/sf_el_ux/ux_hcd_synergy_asynch_queue_process_sign.o
LOAD ./synergy/ssp/src/framework/sf_el_ux/ux_hcd_synergy_asynch_schedule.o
LOAD ./synergy/ssp/src/framework/sf_el_ux/ux_hcd_synergy_asynchronous_endpoint_create.o
LOAD ./synergy/ssp/src/framework/sf_el_ux/ux_hcd_synergy_asynchronous_endpoint_destroy.o
LOAD ./synergy/ssp/src/framework/sf_el_ux/ux_hcd_synergy_buffer_empty_interrupt.o
LOAD ./synergy/ssp/src/framework/sf_el_ux/ux_hcd_synergy_buffer_notready_interrupt.o
LOAD ./synergy/ssp/src/framework/sf_el_ux/ux_hcd_synergy_buffer_read.o
LOAD ./synergy/ssp/src/framework/sf_el_ux/ux_hcd_synergy_buffer_ready_interrupt.o
LOAD ./synergy/ssp/src/framework/sf_el_ux/ux_hcd_synergy_buffer_write.o
LOAD ./synergy/ssp/src/framework/sf_el_ux/ux_hcd_synergy_bulk_endpoint_create.o
LOAD ./synergy/ssp/src/framework/sf_el_ux/ux_hcd_synergy_bulk_int_td_add.o
LOAD ./synergy/ssp/src/framework/sf_el_ux/ux_hcd_synergy_control_endpoint_create.o
LOAD ./synergy/ssp/src/framework/sf_el_ux/ux_hcd_synergy_control_td_add.o
LOAD ./synergy/ssp/src/framework/sf_el_ux/ux_hcd_synergy_controller_disable.o
LOAD ./synergy/ssp/src/framework/sf_el_ux/ux_hcd_synergy_current_endpoint_change.o
LOAD ./synergy/ssp/src/framework/sf_el_ux/ux_hcd_synergy_data_buffer_size.o
LOAD ./synergy/ssp/src/framework/sf_el_ux/ux_hcd_synergy_ed_obtain.o
LOAD ./synergy/ssp/src/framework/sf_el_ux/ux_hcd_synergy_ed_td_clean.o
LOAD ./synergy/ssp/src/framework/sf_el_ux/ux_hcd_synergy_endpoint_nak_set.o
LOAD ./synergy/ssp/src/framework/sf_el_ux/ux_hcd_synergy_endpoint_reset.o
LOAD ./synergy/ssp/src/framework/sf_el_ux/ux_hcd_synergy_entry.o
LOAD ./synergy/ssp/src/framework/sf_el_ux/ux_hcd_synergy_fifo_port_change.o
LOAD ./synergy/ssp/src/framework/sf_el_ux/ux_hcd_synergy_fifo_read.o
LOAD ./synergy/ssp/src/framework/sf_el_ux/ux_hcd_synergy_fifoc_write.o
LOAD ./synergy/ssp/src/framework/sf_el_ux/ux_hcd_synergy_fifod_write.o
LOAD ./synergy/ssp/src/framework/sf_el_ux/ux_hcd_synergy_frame_number_get.o
LOAD ./synergy/ssp/src/framework/sf_el_ux/ux_hcd_synergy_frame_number_set.o
LOAD ./synergy/ssp/src/framework/sf_el_ux/ux_hcd_synergy_initialize.o
LOAD ./synergy/ssp/src/framework/sf_el_ux/ux_hcd_synergy_interrupt_endpoint_create.o
LOAD ./synergy/ssp/src/framework/sf_el_ux/ux_hcd_synergy_interrupt_handler.o
LOAD ./synergy/ssp/src/framework/sf_el_ux/ux_hcd_synergy_iso_queue_process.o
LOAD ./synergy/ssp/src/framework/sf_el_ux/ux_hcd_synergy_iso_queue_process_bemp.o
LOAD ./synergy/ssp/src/framework/sf_el_ux/ux_hcd_synergy_iso_queue_process_brdy.o
LOAD ./synergy/ssp/src/framework/sf_el_ux/ux_hcd_synergy_iso_queue_process_nrdy.o
LOAD ./synergy/ssp/src/framework/sf_el_ux/ux_hcd_synergy_iso_schedule.o
LOAD ./synergy/ssp/src/framework/sf_el_ux/ux_hcd_synergy_iso_td_add.o
LOAD ./synergy/ssp/src/framework/sf_el_ux/ux_hcd_synergy_isochronous_endpoint_create.o
LOAD ./synergy/ssp/src/framework/sf_el_ux/ux_hcd_synergy_isochronous_td_obtain.o
LOAD ./synergy/ssp/src/framework/sf_el_ux/ux_hcd_synergy_least_traffic_list_get.o
LOAD ./synergy/ssp/src/framework/sf_el_ux/ux_hcd_synergy_periodic_endpoint_destroy.o
LOAD ./synergy/ssp/src/framework/sf_el_ux/ux_hcd_synergy_periodic_schedule.o
LOAD ./synergy/ssp/src/framework/sf_el_ux/ux_hcd_synergy_periodic_tree_create.o
LOAD ./synergy/ssp/src/framework/sf_el_ux/ux_hcd_synergy_port_disable.o
LOAD ./synergy/ssp/src/framework/sf_el_ux/ux_hcd_synergy_port_enable.o
LOAD ./synergy/ssp/src/framework/sf_el_ux/ux_hcd_synergy_port_reset.o
LOAD ./synergy/ssp/src/framework/sf_el_ux/ux_hcd_synergy_port_resume.o
LOAD ./synergy/ssp/src/framework/sf_el_ux/ux_hcd_synergy_port_status_get.o
LOAD ./synergy/ssp/src/framework/sf_el_ux/ux_hcd_synergy_port_suspend.o
LOAD ./synergy/ssp/src/framework/sf_el_ux/ux_hcd_synergy_power_down_port.o
LOAD ./synergy/ssp/src/framework/sf_el_ux/ux_hcd_synergy_power_on_port.o
LOAD ./synergy/ssp/src/framework/sf_el_ux/ux_hcd_synergy_power_root_hubs.o
LOAD ./synergy/ssp/src/framework/sf_el_ux/ux_hcd_synergy_register_clear.o
LOAD ./synergy/ssp/src/framework/sf_el_ux/ux_hcd_synergy_register_read.o
LOAD ./synergy/ssp/src/framework/sf_el_ux/ux_hcd_synergy_register_set.o
LOAD ./synergy/ssp/src/framework/sf_el_ux/ux_hcd_synergy_register_write.o
LOAD ./synergy/ssp/src/framework/sf_el_ux/ux_hcd_synergy_regular_td_obtain.o
LOAD ./synergy/ssp/src/framework/sf_el_ux/ux_hcd_synergy_request_bulk_transfer.o
LOAD ./synergy/ssp/src/framework/sf_el_ux/ux_hcd_synergy_request_control_transfer.o
LOAD ./synergy/ssp/src/framework/sf_el_ux/ux_hcd_synergy_request_interupt_transfer.o
LOAD ./synergy/ssp/src/framework/sf_el_ux/ux_hcd_synergy_request_isochronous_transfer.o
LOAD ./synergy/ssp/src/framework/sf_el_ux/ux_hcd_synergy_request_transfer.o
LOAD ./synergy/ssp/src/framework/sf_el_ux/ux_hcd_synergy_td_add.o
LOAD ./synergy/ssp/src/framework/sf_el_ux/ux_hcd_synergy_transfer_abort.o
LOAD ./synergy/ssp/src/framework/sf_el_ux/ux_hcd_synergy_uninitialize.o
LOAD ./synergy/ssp/src/driver/r_ioport/r_ioport.o
LOAD ./synergy/ssp/src/driver/r_icu/r_icu.o
LOAD ./synergy/ssp/src/driver/r_elc/r_elc.o
LOAD ./synergy/ssp/src/driver/r_cgc/r_cgc.o
LOAD ./synergy/ssp/src/bsp/mcu/s7g2/bsp_cache.o
LOAD ./synergy/ssp/src/bsp/mcu/s7g2/bsp_clocks.o
LOAD ./synergy/ssp/src/bsp/mcu/s7g2/bsp_feature.o
LOAD ./synergy/ssp/src/bsp/mcu/s7g2/bsp_group_irq.o
LOAD ./synergy/ssp/src/bsp/mcu/s7g2/bsp_hw_locks.o
LOAD ./synergy/ssp/src/bsp/mcu/s7g2/bsp_module_stop.o
LOAD ./synergy/ssp/src/bsp/mcu/s7g2/bsp_rom_registers.o
LOAD ./synergy/ssp/src/bsp/mcu/all/bsp_common.o
LOAD ./synergy/ssp/src/bsp/mcu/all/bsp_common_leds.o
LOAD ./synergy/ssp/src/bsp/mcu/all/bsp_delay.o
LOAD ./synergy/ssp/src/bsp/mcu/all/bsp_irq.o
LOAD ./synergy/ssp/src/bsp/mcu/all/bsp_locking.o
LOAD ./synergy/ssp/src/bsp/mcu/all/bsp_register_protection.o
LOAD ./synergy/ssp/src/bsp/mcu/all/bsp_sbrk.o
LOAD ./synergy/ssp/src/bsp/cmsis/Device/RENESAS/S7G2/Source/startup_S7G2.o
LOAD ./synergy/ssp/src/bsp/cmsis/Device/RENESAS/S7G2/Source/system_S7G2.o
LOAD ./synergy/board/s7g2_sk/bsp_init.o
LOAD ./synergy/board/s7g2_sk/bsp_leds.o
LOAD ./synergy/board/s7g2_sk/bsp_qspi.o
LOAD ./src/synergy_gen/common_data.o
LOAD ./src/synergy_gen/comms_thread.o
LOAD ./src/synergy_gen/hal_data.o
LOAD ./src/synergy_gen/led_thread.o
LOAD ./src/synergy_gen/main.o
LOAD ./src/synergy_gen/pin_data.o
LOAD ./src/comms_thread_entry.o
LOAD ./src/hal_entry.o
LOAD ./src/led_thread_entry.o
LOAD C:\Users\Admin\e2_studio\workspace_disseration\UsbTransfer\synergy\ssp\src\bsp\cmsis\DSP_Lib\cm4_gcc\libDSP_Lib.a
LOAD C:\Users\Admin\e2_studio\workspace_disseration\UsbTransfer\synergy\ssp\src\bsp\cmsis\NN_Lib\cm4_gcc\libNN_Lib.a
LOAD C:\Users\Admin\e2_studio\workspace_disseration\UsbTransfer\synergy\ssp\src\driver\r_fmi\libs\libfmi_cm4_s7g2_gcc.a
LOAD C:\Users\Admin\e2_studio\workspace_disseration\UsbTransfer\synergy\ssp\src\bsp\mcu\s7g2\libfmi_R7FS7G27H3A01CFC_gcc.a
LOAD C:\Users\Admin\e2_studio\workspace_disseration\UsbTransfer\synergy\ssp\src\framework\el\tx\cm4_gcc\libtx.a
LOAD C:\Users\Admin\e2_studio\workspace_disseration\UsbTransfer\synergy\ssp\src\framework\el\ux\cm4_gcc\libux.a
LOAD C:\Users\Admin\e2_studio\workspace_disseration\UsbTransfer\synergy\ssp\src\framework\el\ux_device_class_cdc_acm\cm4_gcc\libux_device_class_cdc_acm.a
END GROUP
START GROUP
LOAD c:/renesas/synergy/e2studio_v2022-04_ssp_v2.3.0/toolchains/gcc_arm/gcc-arm-none-eabi-10.3-2021.10/bin/../lib/gcc/arm-none-eabi/10.3.1/thumb/v7e-m+fp/hard\libgcc.a
LOAD c:/renesas/synergy/e2studio_v2022-04_ssp_v2.3.0/toolchains/gcc_arm/gcc-arm-none-eabi-10.3-2021.10/bin/../lib/gcc/arm-none-eabi/10.3.1/../../../../arm-none-eabi/lib/thumb/v7e-m+fp/hard\libg_nano.a
LOAD c:/renesas/synergy/e2studio_v2022-04_ssp_v2.3.0/toolchains/gcc_arm/gcc-arm-none-eabi-10.3-2021.10/bin/../lib/gcc/arm-none-eabi/10.3.1/../../../../arm-none-eabi/lib/thumb/v7e-m+fp/hard\libc_nano.a
END GROUP
START GROUP
LOAD c:/renesas/synergy/e2studio_v2022-04_ssp_v2.3.0/toolchains/gcc_arm/gcc-arm-none-eabi-10.3-2021.10/bin/../lib/gcc/arm-none-eabi/10.3.1/thumb/v7e-m+fp/hard\libgcc.a
LOAD c:/renesas/synergy/e2studio_v2022-04_ssp_v2.3.0/toolchains/gcc_arm/gcc-arm-none-eabi-10.3-2021.10/bin/../lib/gcc/arm-none-eabi/10.3.1/../../../../arm-none-eabi/lib/thumb/v7e-m+fp/hard\libc_nano.a
LOAD c:/renesas/synergy/e2studio_v2022-04_ssp_v2.3.0/toolchains/gcc_arm/gcc-arm-none-eabi-10.3-2021.10/bin/../lib/gcc/arm-none-eabi/10.3.1/../../../../arm-none-eabi/lib/thumb/v7e-m+fp/hard\librdimon_nano.a
END GROUP
START GROUP
LOAD c:/renesas/synergy/e2studio_v2022-04_ssp_v2.3.0/toolchains/gcc_arm/gcc-arm-none-eabi-10.3-2021.10/bin/../lib/gcc/arm-none-eabi/10.3.1/thumb/v7e-m+fp/hard\libgcc.a
LOAD c:/renesas/synergy/e2studio_v2022-04_ssp_v2.3.0/toolchains/gcc_arm/gcc-arm-none-eabi-10.3-2021.10/bin/../lib/gcc/arm-none-eabi/10.3.1/../../../../arm-none-eabi/lib/thumb/v7e-m+fp/hard\libc_nano.a
LOAD c:/renesas/synergy/e2studio_v2022-04_ssp_v2.3.0/toolchains/gcc_arm/gcc-arm-none-eabi-10.3-2021.10/bin/../lib/gcc/arm-none-eabi/10.3.1/../../../../arm-none-eabi/lib/thumb/v7e-m+fp/hard\librdimon_nano.a
END GROUP
LOAD c:/renesas/synergy/e2studio_v2022-04_ssp_v2.3.0/toolchains/gcc_arm/gcc-arm-none-eabi-10.3-2021.10/bin/../lib/gcc/arm-none-eabi/10.3.1/thumb/v7e-m+fp/hard/crtend.o
LOAD c:/renesas/synergy/e2studio_v2022-04_ssp_v2.3.0/toolchains/gcc_arm/gcc-arm-none-eabi-10.3-2021.10/bin/../lib/gcc/arm-none-eabi/10.3.1/thumb/v7e-m+fp/hard/crtn.o
START GROUP
LOAD c:/renesas/synergy/e2studio_v2022-04_ssp_v2.3.0/toolchains/gcc_arm/gcc-arm-none-eabi-10.3-2021.10/bin/../lib/gcc/arm-none-eabi/10.3.1/thumb/v7e-m+fp/hard\libgcc.a
LOAD c:/renesas/synergy/e2studio_v2022-04_ssp_v2.3.0/toolchains/gcc_arm/gcc-arm-none-eabi-10.3-2021.10/bin/../lib/gcc/arm-none-eabi/10.3.1/../../../../arm-none-eabi/lib/thumb/v7e-m+fp/hard\libc.a
LOAD c:/renesas/synergy/e2studio_v2022-04_ssp_v2.3.0/toolchains/gcc_arm/gcc-arm-none-eabi-10.3-2021.10/bin/../lib/gcc/arm-none-eabi/10.3.1/../../../../arm-none-eabi/lib/thumb/v7e-m+fp/hard\libm.a
LOAD c:/renesas/synergy/e2studio_v2022-04_ssp_v2.3.0/toolchains/gcc_arm/gcc-arm-none-eabi-10.3-2021.10/bin/../lib/gcc/arm-none-eabi/10.3.1/../../../../arm-none-eabi/lib/thumb/v7e-m+fp/hard\libnosys.a
END GROUP

.text           0x00000000     0xc534
                0x00000000                __ROM_Start = .
 *(.vectors)
 .vectors       0x00000000       0x40 ./synergy/ssp/src/bsp/cmsis/Device/RENESAS/S7G2/Source/startup_S7G2.o
                0x00000000                __Vectors
 *(SORT_BY_NAME(.vector.*))
 .vector.ICU_IRQ11
                0x00000040        0x4 ./src/synergy_gen/led_thread.o
                0x00000040                g_vector_ICU_IRQ11
 .vector.USB_FS_0_INT
                0x00000044        0x4 ./src/synergy_gen/common_data.o
                0x00000044                g_vector_USB_FS_0_INT
                0x00000048                __Vectors_End = .
                0x1ffe4fe8                __end__ = .
                0x00000400                . = (__ROM_Start + 0x400)
 *fill*         0x00000048      0x3b8 ff
 *(.rom_registers*)
 .rom_registers
                0x00000400       0x3c ./synergy/ssp/src/bsp/mcu/s7g2/bsp_rom_registers.o
                0x00000500                . = (__ROM_Start + 0x500)
 *fill*         0x0000043c       0xc4 ff
                0x00000500                __Vector_Info_Start = .
 *(SORT_BY_NAME(.vector_info.*))
 .vector_info.ICU_IRQ11
                0x00000500        0x8 ./src/synergy_gen/led_thread.o
                0x00000500                g_vector_info_ICU_IRQ11
 .vector_info.USB_FS_0_INT
                0x00000508        0x8 ./src/synergy_gen/common_data.o
                0x00000508                g_vector_info_USB_FS_0_INT
                0x00000510                __Vector_Info_End = .
                0x00000510                __Lock_Lookup_Start = .
 *(SORT_BY_NAME(.hw_lock_lookup.*))
 .hw_lock_lookup.ADC_0U_0U
                0x00000510        0x4 ./synergy/ssp/src/bsp/mcu/s7g2/bsp_hw_locks.o
                0x00000510                g_lock_lookup_ADC_0U_0U
 .hw_lock_lookup.ADC_0U_1U
                0x00000514        0x4 ./synergy/ssp/src/bsp/mcu/s7g2/bsp_hw_locks.o
                0x00000514                g_lock_lookup_ADC_0U_1U
 .hw_lock_lookup.AGT_0U_0U
                0x00000518        0x4 ./synergy/ssp/src/bsp/mcu/s7g2/bsp_hw_locks.o
                0x00000518                g_lock_lookup_AGT_0U_0U
 .hw_lock_lookup.AGT_0U_1U
                0x0000051c        0x4 ./synergy/ssp/src/bsp/mcu/s7g2/bsp_hw_locks.o
                0x0000051c                g_lock_lookup_AGT_0U_1U
 .hw_lock_lookup.BSC_0U_1U
                0x00000520        0x4 ./synergy/ssp/src/bsp/mcu/s7g2/bsp_hw_locks.o
                0x00000520                g_lock_lookup_BSC_0U_1U
 .hw_lock_lookup.CAC_0U_0U
                0x00000524        0x4 ./synergy/ssp/src/bsp/mcu/s7g2/bsp_hw_locks.o
                0x00000524                g_lock_lookup_CAC_0U_0U
 .hw_lock_lookup.CAN_0U_0U
                0x00000528        0x4 ./synergy/ssp/src/bsp/mcu/s7g2/bsp_hw_locks.o
                0x00000528                g_lock_lookup_CAN_0U_0U
 .hw_lock_lookup.CAN_0U_1U
                0x0000052c        0x4 ./synergy/ssp/src/bsp/mcu/s7g2/bsp_hw_locks.o
                0x0000052c                g_lock_lookup_CAN_0U_1U
 .hw_lock_lookup.COMP_HS_0U_0U
                0x00000530        0x4 ./synergy/ssp/src/bsp/mcu/s7g2/bsp_hw_locks.o
                0x00000530                g_lock_lookup_COMP_HS_0U_0U
 .hw_lock_lookup.COMP_HS_0U_1U
                0x00000534        0x4 ./synergy/ssp/src/bsp/mcu/s7g2/bsp_hw_locks.o
                0x00000534                g_lock_lookup_COMP_HS_0U_1U
 .hw_lock_lookup.COMP_HS_0U_2U
                0x00000538        0x4 ./synergy/ssp/src/bsp/mcu/s7g2/bsp_hw_locks.o
                0x00000538                g_lock_lookup_COMP_HS_0U_2U
 .hw_lock_lookup.COMP_HS_0U_3U
                0x0000053c        0x4 ./synergy/ssp/src/bsp/mcu/s7g2/bsp_hw_locks.o
                0x0000053c                g_lock_lookup_COMP_HS_0U_3U
 .hw_lock_lookup.COMP_HS_0U_4U
                0x00000540        0x4 ./synergy/ssp/src/bsp/mcu/s7g2/bsp_hw_locks.o
                0x00000540                g_lock_lookup_COMP_HS_0U_4U
 .hw_lock_lookup.COMP_HS_0U_5U
                0x00000544        0x4 ./synergy/ssp/src/bsp/mcu/s7g2/bsp_hw_locks.o
                0x00000544                g_lock_lookup_COMP_HS_0U_5U
 .hw_lock_lookup.CRC_0U_0U
                0x00000548        0x4 ./synergy/ssp/src/bsp/mcu/s7g2/bsp_hw_locks.o
                0x00000548                g_lock_lookup_CRC_0U_0U
 .hw_lock_lookup.CTSU_0U_0U
                0x0000054c        0x4 ./synergy/ssp/src/bsp/mcu/s7g2/bsp_hw_locks.o
                0x0000054c                g_lock_lookup_CTSU_0U_0U
 .hw_lock_lookup.DAAD_0U_0U
                0x00000550        0x4 ./synergy/ssp/src/bsp/mcu/s7g2/bsp_hw_locks.o
                0x00000550                g_lock_lookup_DAAD_0U_0U
 .hw_lock_lookup.DAC_0U_0U
                0x00000554        0x4 ./synergy/ssp/src/bsp/mcu/s7g2/bsp_hw_locks.o
                0x00000554                g_lock_lookup_DAC_0U_0U
 .hw_lock_lookup.DAC_0U_1U
                0x00000558        0x4 ./synergy/ssp/src/bsp/mcu/s7g2/bsp_hw_locks.o
                0x00000558                g_lock_lookup_DAC_0U_1U
 .hw_lock_lookup.DMAC_0U_0U
                0x0000055c        0x4 ./synergy/ssp/src/bsp/mcu/s7g2/bsp_hw_locks.o
                0x0000055c                g_lock_lookup_DMAC_0U_0U
 .hw_lock_lookup.DMAC_0U_1U
                0x00000560        0x4 ./synergy/ssp/src/bsp/mcu/s7g2/bsp_hw_locks.o
                0x00000560                g_lock_lookup_DMAC_0U_1U
 .hw_lock_lookup.DMAC_0U_2U
                0x00000564        0x4 ./synergy/ssp/src/bsp/mcu/s7g2/bsp_hw_locks.o
                0x00000564                g_lock_lookup_DMAC_0U_2U
 .hw_lock_lookup.DMAC_0U_3U
                0x00000568        0x4 ./synergy/ssp/src/bsp/mcu/s7g2/bsp_hw_locks.o
                0x00000568                g_lock_lookup_DMAC_0U_3U
 .hw_lock_lookup.DMAC_0U_4U
                0x0000056c        0x4 ./synergy/ssp/src/bsp/mcu/s7g2/bsp_hw_locks.o
                0x0000056c                g_lock_lookup_DMAC_0U_4U
 .hw_lock_lookup.DMAC_0U_5U
                0x00000570        0x4 ./synergy/ssp/src/bsp/mcu/s7g2/bsp_hw_locks.o
                0x00000570                g_lock_lookup_DMAC_0U_5U
 .hw_lock_lookup.DMAC_0U_6U
                0x00000574        0x4 ./synergy/ssp/src/bsp/mcu/s7g2/bsp_hw_locks.o
                0x00000574                g_lock_lookup_DMAC_0U_6U
 .hw_lock_lookup.DMAC_0U_7U
                0x00000578        0x4 ./synergy/ssp/src/bsp/mcu/s7g2/bsp_hw_locks.o
                0x00000578                g_lock_lookup_DMAC_0U_7U
 .hw_lock_lookup.DOC_0U_0U
                0x0000057c        0x4 ./synergy/ssp/src/bsp/mcu/s7g2/bsp_hw_locks.o
                0x0000057c                g_lock_lookup_DOC_0U_0U
 .hw_lock_lookup.DRW_0U_0U
                0x00000580        0x4 ./synergy/ssp/src/bsp/mcu/s7g2/bsp_hw_locks.o
                0x00000580                g_lock_lookup_DRW_0U_0U
 .hw_lock_lookup.DTC_0U_0U
                0x00000584        0x4 ./synergy/ssp/src/bsp/mcu/s7g2/bsp_hw_locks.o
                0x00000584                g_lock_lookup_DTC_0U_0U
 .hw_lock_lookup.ELC_0U_0U
                0x00000588        0x4 ./synergy/ssp/src/bsp/mcu/s7g2/bsp_hw_locks.o
                0x00000588                g_lock_lookup_ELC_0U_0U
 .hw_lock_lookup.EPTPC_0U_0U
                0x0000058c        0x4 ./synergy/ssp/src/bsp/mcu/s7g2/bsp_hw_locks.o
                0x0000058c                g_lock_lookup_EPTPC_0U_0U
 .hw_lock_lookup.ETHER_0U_0U
                0x00000590        0x4 ./synergy/ssp/src/bsp/mcu/s7g2/bsp_hw_locks.o
                0x00000590                g_lock_lookup_ETHER_0U_0U
 .hw_lock_lookup.ETHER_0U_1U
                0x00000594        0x4 ./synergy/ssp/src/bsp/mcu/s7g2/bsp_hw_locks.o
                0x00000594                g_lock_lookup_ETHER_0U_1U
 .hw_lock_lookup.FCU_0U_0U
                0x00000598        0x4 ./synergy/ssp/src/bsp/mcu/s7g2/bsp_hw_locks.o
                0x00000598                g_lock_lookup_FCU_0U_0U
 .hw_lock_lookup.GLCDC_0U_0U
                0x0000059c        0x4 ./synergy/ssp/src/bsp/mcu/s7g2/bsp_hw_locks.o
                0x0000059c                g_lock_lookup_GLCDC_0U_0U
 .hw_lock_lookup.GPT_0U_0U
                0x000005a0        0x4 ./synergy/ssp/src/bsp/mcu/s7g2/bsp_hw_locks.o
                0x000005a0                g_lock_lookup_GPT_0U_0U
 .hw_lock_lookup.GPT_0U_10U
                0x000005a4        0x4 ./synergy/ssp/src/bsp/mcu/s7g2/bsp_hw_locks.o
                0x000005a4                g_lock_lookup_GPT_0U_10U
 .hw_lock_lookup.GPT_0U_11U
                0x000005a8        0x4 ./synergy/ssp/src/bsp/mcu/s7g2/bsp_hw_locks.o
                0x000005a8                g_lock_lookup_GPT_0U_11U
 .hw_lock_lookup.GPT_0U_12U
                0x000005ac        0x4 ./synergy/ssp/src/bsp/mcu/s7g2/bsp_hw_locks.o
                0x000005ac                g_lock_lookup_GPT_0U_12U
 .hw_lock_lookup.GPT_0U_13U
                0x000005b0        0x4 ./synergy/ssp/src/bsp/mcu/s7g2/bsp_hw_locks.o
                0x000005b0                g_lock_lookup_GPT_0U_13U
 .hw_lock_lookup.GPT_0U_1U
                0x000005b4        0x4 ./synergy/ssp/src/bsp/mcu/s7g2/bsp_hw_locks.o
                0x000005b4                g_lock_lookup_GPT_0U_1U
 .hw_lock_lookup.GPT_0U_2U
                0x000005b8        0x4 ./synergy/ssp/src/bsp/mcu/s7g2/bsp_hw_locks.o
                0x000005b8                g_lock_lookup_GPT_0U_2U
 .hw_lock_lookup.GPT_0U_3U
                0x000005bc        0x4 ./synergy/ssp/src/bsp/mcu/s7g2/bsp_hw_locks.o
                0x000005bc                g_lock_lookup_GPT_0U_3U
 .hw_lock_lookup.GPT_0U_4U
                0x000005c0        0x4 ./synergy/ssp/src/bsp/mcu/s7g2/bsp_hw_locks.o
                0x000005c0                g_lock_lookup_GPT_0U_4U
 .hw_lock_lookup.GPT_0U_5U
                0x000005c4        0x4 ./synergy/ssp/src/bsp/mcu/s7g2/bsp_hw_locks.o
                0x000005c4                g_lock_lookup_GPT_0U_5U
 .hw_lock_lookup.GPT_0U_6U
                0x000005c8        0x4 ./synergy/ssp/src/bsp/mcu/s7g2/bsp_hw_locks.o
                0x000005c8                g_lock_lookup_GPT_0U_6U
 .hw_lock_lookup.GPT_0U_7U
                0x000005cc        0x4 ./synergy/ssp/src/bsp/mcu/s7g2/bsp_hw_locks.o
                0x000005cc                g_lock_lookup_GPT_0U_7U
 .hw_lock_lookup.GPT_0U_8U
                0x000005d0        0x4 ./synergy/ssp/src/bsp/mcu/s7g2/bsp_hw_locks.o
                0x000005d0                g_lock_lookup_GPT_0U_8U
 .hw_lock_lookup.GPT_0U_9U
                0x000005d4        0x4 ./synergy/ssp/src/bsp/mcu/s7g2/bsp_hw_locks.o
                0x000005d4                g_lock_lookup_GPT_0U_9U
 .hw_lock_lookup.ICU_0U_0U
                0x000005d8        0x4 ./synergy/ssp/src/bsp/mcu/s7g2/bsp_hw_locks.o
                0x000005d8                g_lock_lookup_ICU_0U_0U
 .hw_lock_lookup.ICU_0U_10U
                0x000005dc        0x4 ./synergy/ssp/src/bsp/mcu/s7g2/bsp_hw_locks.o
                0x000005dc                g_lock_lookup_ICU_0U_10U
 .hw_lock_lookup.ICU_0U_11U
                0x000005e0        0x4 ./synergy/ssp/src/bsp/mcu/s7g2/bsp_hw_locks.o
                0x000005e0                g_lock_lookup_ICU_0U_11U
 .hw_lock_lookup.ICU_0U_12U
                0x000005e4        0x4 ./synergy/ssp/src/bsp/mcu/s7g2/bsp_hw_locks.o
                0x000005e4                g_lock_lookup_ICU_0U_12U
 .hw_lock_lookup.ICU_0U_13U
                0x000005e8        0x4 ./synergy/ssp/src/bsp/mcu/s7g2/bsp_hw_locks.o
                0x000005e8                g_lock_lookup_ICU_0U_13U
 .hw_lock_lookup.ICU_0U_14U
                0x000005ec        0x4 ./synergy/ssp/src/bsp/mcu/s7g2/bsp_hw_locks.o
                0x000005ec                g_lock_lookup_ICU_0U_14U
 .hw_lock_lookup.ICU_0U_15U
                0x000005f0        0x4 ./synergy/ssp/src/bsp/mcu/s7g2/bsp_hw_locks.o
                0x000005f0                g_lock_lookup_ICU_0U_15U
 .hw_lock_lookup.ICU_0U_1U
                0x000005f4        0x4 ./synergy/ssp/src/bsp/mcu/s7g2/bsp_hw_locks.o
                0x000005f4                g_lock_lookup_ICU_0U_1U
 .hw_lock_lookup.ICU_0U_2U
                0x000005f8        0x4 ./synergy/ssp/src/bsp/mcu/s7g2/bsp_hw_locks.o
                0x000005f8                g_lock_lookup_ICU_0U_2U
 .hw_lock_lookup.ICU_0U_3U
                0x000005fc        0x4 ./synergy/ssp/src/bsp/mcu/s7g2/bsp_hw_locks.o
                0x000005fc                g_lock_lookup_ICU_0U_3U
 .hw_lock_lookup.ICU_0U_4U
                0x00000600        0x4 ./synergy/ssp/src/bsp/mcu/s7g2/bsp_hw_locks.o
                0x00000600                g_lock_lookup_ICU_0U_4U
 .hw_lock_lookup.ICU_0U_5U
                0x00000604        0x4 ./synergy/ssp/src/bsp/mcu/s7g2/bsp_hw_locks.o
                0x00000604                g_lock_lookup_ICU_0U_5U
 .hw_lock_lookup.ICU_0U_6U
                0x00000608        0x4 ./synergy/ssp/src/bsp/mcu/s7g2/bsp_hw_locks.o
                0x00000608                g_lock_lookup_ICU_0U_6U
 .hw_lock_lookup.ICU_0U_7U
                0x0000060c        0x4 ./synergy/ssp/src/bsp/mcu/s7g2/bsp_hw_locks.o
                0x0000060c                g_lock_lookup_ICU_0U_7U
 .hw_lock_lookup.ICU_0U_8U
                0x00000610        0x4 ./synergy/ssp/src/bsp/mcu/s7g2/bsp_hw_locks.o
                0x00000610                g_lock_lookup_ICU_0U_8U
 .hw_lock_lookup.ICU_0U_9U
                0x00000614        0x4 ./synergy/ssp/src/bsp/mcu/s7g2/bsp_hw_locks.o
                0x00000614                g_lock_lookup_ICU_0U_9U
 .hw_lock_lookup.IIC_0U_0U
                0x00000618        0x4 ./synergy/ssp/src/bsp/mcu/s7g2/bsp_hw_locks.o
                0x00000618                g_lock_lookup_IIC_0U_0U
 .hw_lock_lookup.IIC_0U_1U
                0x0000061c        0x4 ./synergy/ssp/src/bsp/mcu/s7g2/bsp_hw_locks.o
                0x0000061c                g_lock_lookup_IIC_0U_1U
 .hw_lock_lookup.IIC_0U_2U
                0x00000620        0x4 ./synergy/ssp/src/bsp/mcu/s7g2/bsp_hw_locks.o
                0x00000620                g_lock_lookup_IIC_0U_2U
 .hw_lock_lookup.IRDA_0U_0U
                0x00000624        0x4 ./synergy/ssp/src/bsp/mcu/s7g2/bsp_hw_locks.o
                0x00000624                g_lock_lookup_IRDA_0U_0U
 .hw_lock_lookup.IWDT_0U_0U
                0x00000628        0x4 ./synergy/ssp/src/bsp/mcu/s7g2/bsp_hw_locks.o
                0x00000628                g_lock_lookup_IWDT_0U_0U
 .hw_lock_lookup.JPEG_0U_0U
                0x0000062c        0x4 ./synergy/ssp/src/bsp/mcu/s7g2/bsp_hw_locks.o
                0x0000062c                g_lock_lookup_JPEG_0U_0U
 .hw_lock_lookup.KEY_0U_0U
                0x00000630        0x4 ./synergy/ssp/src/bsp/mcu/s7g2/bsp_hw_locks.o
                0x00000630                g_lock_lookup_KEY_0U_0U
 .hw_lock_lookup.LPM_1U_0U
                0x00000634        0x4 ./synergy/ssp/src/bsp/mcu/s7g2/bsp_hw_locks.o
                0x00000634                g_lock_lookup_LPM_1U_0U
 .hw_lock_lookup.LVD_0U_0U
                0x00000638        0x4 ./synergy/ssp/src/bsp/mcu/s7g2/bsp_hw_locks.o
                0x00000638                g_lock_lookup_LVD_0U_0U
 .hw_lock_lookup.LVD_0U_1U
                0x0000063c        0x4 ./synergy/ssp/src/bsp/mcu/s7g2/bsp_hw_locks.o
                0x0000063c                g_lock_lookup_LVD_0U_1U
 .hw_lock_lookup.MMF_0U_0U
                0x00000640        0x4 ./synergy/ssp/src/bsp/mcu/s7g2/bsp_hw_locks.o
                0x00000640                g_lock_lookup_MMF_0U_0U
 .hw_lock_lookup.MPU_0U_0U
                0x00000644        0x4 ./synergy/ssp/src/bsp/mcu/s7g2/bsp_hw_locks.o
                0x00000644                g_lock_lookup_MPU_0U_0U
 .hw_lock_lookup.OPS_0U_0U
                0x00000648        0x4 ./synergy/ssp/src/bsp/mcu/s7g2/bsp_hw_locks.o
                0x00000648                g_lock_lookup_OPS_0U_0U
 .hw_lock_lookup.PDC_0U_0U
                0x0000064c        0x4 ./synergy/ssp/src/bsp/mcu/s7g2/bsp_hw_locks.o
                0x0000064c                g_lock_lookup_PDC_0U_0U
 .hw_lock_lookup.POEG_0U_0U
                0x00000650        0x4 ./synergy/ssp/src/bsp/mcu/s7g2/bsp_hw_locks.o
                0x00000650                g_lock_lookup_POEG_0U_0U
 .hw_lock_lookup.POEG_0U_1U
                0x00000654        0x4 ./synergy/ssp/src/bsp/mcu/s7g2/bsp_hw_locks.o
                0x00000654                g_lock_lookup_POEG_0U_1U
 .hw_lock_lookup.POEG_0U_2U
                0x00000658        0x4 ./synergy/ssp/src/bsp/mcu/s7g2/bsp_hw_locks.o
                0x00000658                g_lock_lookup_POEG_0U_2U
 .hw_lock_lookup.POEG_0U_3U
                0x0000065c        0x4 ./synergy/ssp/src/bsp/mcu/s7g2/bsp_hw_locks.o
                0x0000065c                g_lock_lookup_POEG_0U_3U
 .hw_lock_lookup.QSPI_0U_0U
                0x00000660        0x4 ./synergy/ssp/src/bsp/mcu/s7g2/bsp_hw_locks.o
                0x00000660                g_lock_lookup_QSPI_0U_0U
 .hw_lock_lookup.RTC_0U_0U
                0x00000664        0x4 ./synergy/ssp/src/bsp/mcu/s7g2/bsp_hw_locks.o
                0x00000664                g_lock_lookup_RTC_0U_0U
 .hw_lock_lookup.SCE_0U_0U
                0x00000668        0x4 ./synergy/ssp/src/bsp/mcu/s7g2/bsp_hw_locks.o
                0x00000668                g_lock_lookup_SCE_0U_0U
 .hw_lock_lookup.SCI_0U_0U
                0x0000066c        0x4 ./synergy/ssp/src/bsp/mcu/s7g2/bsp_hw_locks.o
                0x0000066c                g_lock_lookup_SCI_0U_0U
 .hw_lock_lookup.SCI_0U_1U
                0x00000670        0x4 ./synergy/ssp/src/bsp/mcu/s7g2/bsp_hw_locks.o
                0x00000670                g_lock_lookup_SCI_0U_1U
 .hw_lock_lookup.SCI_0U_2U
                0x00000674        0x4 ./synergy/ssp/src/bsp/mcu/s7g2/bsp_hw_locks.o
                0x00000674                g_lock_lookup_SCI_0U_2U
 .hw_lock_lookup.SCI_0U_3U
                0x00000678        0x4 ./synergy/ssp/src/bsp/mcu/s7g2/bsp_hw_locks.o
                0x00000678                g_lock_lookup_SCI_0U_3U
 .hw_lock_lookup.SCI_0U_4U
                0x0000067c        0x4 ./synergy/ssp/src/bsp/mcu/s7g2/bsp_hw_locks.o
                0x0000067c                g_lock_lookup_SCI_0U_4U
 .hw_lock_lookup.SCI_0U_5U
                0x00000680        0x4 ./synergy/ssp/src/bsp/mcu/s7g2/bsp_hw_locks.o
                0x00000680                g_lock_lookup_SCI_0U_5U
 .hw_lock_lookup.SCI_0U_6U
                0x00000684        0x4 ./synergy/ssp/src/bsp/mcu/s7g2/bsp_hw_locks.o
                0x00000684                g_lock_lookup_SCI_0U_6U
 .hw_lock_lookup.SCI_0U_7U
                0x00000688        0x4 ./synergy/ssp/src/bsp/mcu/s7g2/bsp_hw_locks.o
                0x00000688                g_lock_lookup_SCI_0U_7U
 .hw_lock_lookup.SCI_0U_8U
                0x0000068c        0x4 ./synergy/ssp/src/bsp/mcu/s7g2/bsp_hw_locks.o
                0x0000068c                g_lock_lookup_SCI_0U_8U
 .hw_lock_lookup.SCI_0U_9U
                0x00000690        0x4 ./synergy/ssp/src/bsp/mcu/s7g2/bsp_hw_locks.o
                0x00000690                g_lock_lookup_SCI_0U_9U
 .hw_lock_lookup.SDHIMMC_0U_0U
                0x00000694        0x4 ./synergy/ssp/src/bsp/mcu/s7g2/bsp_hw_locks.o
                0x00000694                g_lock_lookup_SDHIMMC_0U_0U
 .hw_lock_lookup.SDHIMMC_0U_1U
                0x00000698        0x4 ./synergy/ssp/src/bsp/mcu/s7g2/bsp_hw_locks.o
                0x00000698                g_lock_lookup_SDHIMMC_0U_1U
 .hw_lock_lookup.SPI_0U_0U
                0x0000069c        0x4 ./synergy/ssp/src/bsp/mcu/s7g2/bsp_hw_locks.o
                0x0000069c                g_lock_lookup_SPI_0U_0U
 .hw_lock_lookup.SPI_0U_1U
                0x000006a0        0x4 ./synergy/ssp/src/bsp/mcu/s7g2/bsp_hw_locks.o
                0x000006a0                g_lock_lookup_SPI_0U_1U
 .hw_lock_lookup.SRC_0U_0U
                0x000006a4        0x4 ./synergy/ssp/src/bsp/mcu/s7g2/bsp_hw_locks.o
                0x000006a4                g_lock_lookup_SRC_0U_0U
 .hw_lock_lookup.SSI_0U_0U
                0x000006a8        0x4 ./synergy/ssp/src/bsp/mcu/s7g2/bsp_hw_locks.o
                0x000006a8                g_lock_lookup_SSI_0U_0U
 .hw_lock_lookup.SSI_0U_1U
                0x000006ac        0x4 ./synergy/ssp/src/bsp/mcu/s7g2/bsp_hw_locks.o
                0x000006ac                g_lock_lookup_SSI_0U_1U
 .hw_lock_lookup.TSN_0U_0U
                0x000006b0        0x4 ./synergy/ssp/src/bsp/mcu/s7g2/bsp_hw_locks.o
                0x000006b0                g_lock_lookup_TSN_0U_0U
 .hw_lock_lookup.USB_0U_0U
                0x000006b4        0x4 ./synergy/ssp/src/bsp/mcu/s7g2/bsp_hw_locks.o
                0x000006b4                g_lock_lookup_USB_0U_0U
 .hw_lock_lookup.USB_1U_0U
                0x000006b8        0x4 ./synergy/ssp/src/bsp/mcu/s7g2/bsp_hw_locks.o
                0x000006b8                g_lock_lookup_USB_1U_0U
 .hw_lock_lookup.WDT_0U_0U
                0x000006bc        0x4 ./synergy/ssp/src/bsp/mcu/s7g2/bsp_hw_locks.o
                0x000006bc                g_lock_lookup_WDT_0U_0U
                0x000006c0                __Lock_Lookup_End = .
 *(.text*)
 .text          0x000006c0       0x40 c:/renesas/synergy/e2studio_v2022-04_ssp_v2.3.0/toolchains/gcc_arm/gcc-arm-none-eabi-10.3-2021.10/bin/../lib/gcc/arm-none-eabi/10.3.1/thumb/v7e-m+fp/hard/crtbegin.o
 .text.SF_EL_UX_COMMS_VersionGet
                0x00000700       0x10 ./synergy/ssp/src/framework/sf_el_ux_comms_v2/sf_el_ux_comms.o
                0x00000700                SF_EL_UX_COMMS_VersionGet
 .text.SF_EL_UX_COMMS_Read
                0x00000710      0x120 ./synergy/ssp/src/framework/sf_el_ux_comms_v2/sf_el_ux_comms.o
                0x00000710                SF_EL_UX_COMMS_Read
 .text.SF_EL_UX_COMMS_Open
                0x00000830       0x88 ./synergy/ssp/src/framework/sf_el_ux_comms_v2/sf_el_ux_comms.o
                0x00000830                SF_EL_UX_COMMS_Open
 .text.SF_EL_UX_COMMS_Close
                0x000008b8       0x44 ./synergy/ssp/src/framework/sf_el_ux_comms_v2/sf_el_ux_comms.o
                0x000008b8                SF_EL_UX_COMMS_Close
 .text.SF_EL_UX_COMMS_Lock
                0x000008fc       0x5c ./synergy/ssp/src/framework/sf_el_ux_comms_v2/sf_el_ux_comms.o
                0x000008fc                SF_EL_UX_COMMS_Lock
 .text.SF_EL_UX_COMMS_Unlock
                0x00000958       0x64 ./synergy/ssp/src/framework/sf_el_ux_comms_v2/sf_el_ux_comms.o
                0x00000958                SF_EL_UX_COMMS_Unlock
 .text.SF_EL_UX_COMMS_Write
                0x000009bc       0xbc ./synergy/ssp/src/framework/sf_el_ux_comms_v2/sf_el_ux_comms.o
                0x000009bc                SF_EL_UX_COMMS_Write
 .text.usbfs_int_isr
                0x00000a78       0x68 ./synergy/ssp/src/framework/sf_el_ux/usbfs_irq_veneer.o
                0x00000a78                usbfs_int_isr
 .text.ux_dcd_synergy_buffer_empty_interrupt
                0x00000ae0       0x54 ./synergy/ssp/src/framework/sf_el_ux/ux_dcd_synergy_buffer_empty_interrupt.o
                0x00000ae0                ux_dcd_synergy_buffer_empty_interrupt
 .text.ux_dcd_synergy_buffer_notready_interrupt
                0x00000b34       0x54 ./synergy/ssp/src/framework/sf_el_ux/ux_dcd_synergy_buffer_notready_interrupt.o
                0x00000b34                ux_dcd_synergy_buffer_notready_interrupt
 .text.ux_dcd_synergy_buffer_ready_interrupt
                0x00000b88       0x54 ./synergy/ssp/src/framework/sf_el_ux/ux_dcd_synergy_buffer_ready_interrupt.o
                0x00000b88                ux_dcd_synergy_buffer_ready_interrupt
 .text.ux_dcd_synergy_buffer_write
                0x00000bdc       0x7c ./synergy/ssp/src/framework/sf_el_ux/ux_dcd_synergy_buffer_write.o
                0x00000bdc                ux_dcd_synergy_buffer_write
 .text.ux_dcd_synergy_current_endpoint_change
                0x00000c58       0x9c ./synergy/ssp/src/framework/sf_el_ux/ux_dcd_synergy_current_endpoint_change.o
                0x00000c58                ux_dcd_synergy_current_endpoint_change
 .text.ux_dcd_synergy_data_buffer_size
                0x00000cf4       0x40 ./synergy/ssp/src/framework/sf_el_ux/ux_dcd_synergy_data_buffersize.o
                0x00000cf4                ux_dcd_synergy_data_buffer_size
 .text.ux_dcd_synergy_endpoint_create
                0x00000d34      0x1f8 ./synergy/ssp/src/framework/sf_el_ux/ux_dcd_synergy_endpoint_create.o
                0x00000d34                ux_dcd_synergy_endpoint_create
 .text.ux_dcd_synergy_endpoint_destroy
                0x00000f2c       0xdc ./synergy/ssp/src/framework/sf_el_ux/ux_dcd_synergy_endpoint_destroy.o
                0x00000f2c                ux_dcd_synergy_endpoint_destroy
 .text.ux_dcd_synergy_endpoint_nak_set
                0x00001008       0x38 ./synergy/ssp/src/framework/sf_el_ux/ux_dcd_synergy_endpoint_nak_set.o
                0x00001008                ux_dcd_synergy_endpoint_nak_set
 .text.ux_dcd_synergy_endpoint_reset
                0x00001040       0xe8 ./synergy/ssp/src/framework/sf_el_ux/ux_dcd_synergy_endpoint_reset.o
                0x00001040                ux_dcd_synergy_endpoint_reset
 .text.ux_dcd_synergy_remote_wakeup
                0x00001128       0x2c ./synergy/ssp/src/framework/sf_el_ux/ux_dcd_synergy_endpoint_reset.o
                0x00001128                ux_dcd_synergy_remote_wakeup
 .text.ux_dcd_synergy_endpoint_stall
                0x00001154       0x30 ./synergy/ssp/src/framework/sf_el_ux/ux_dcd_synergy_endpoint_stall.o
                0x00001154                ux_dcd_synergy_endpoint_stall
 .text.ux_dcd_synergy_endpoint_status
                0x00001184       0x14 ./synergy/ssp/src/framework/sf_el_ux/ux_dcd_synergy_endpoint_status.o
                0x00001184                ux_dcd_synergy_endpoint_status
 .text.ux_dcd_synergy_fifo_port_change
                0x00001198       0x48 ./synergy/ssp/src/framework/sf_el_ux/ux_dcd_synergy_fifo_port_change.o
                0x00001198                ux_dcd_synergy_fifo_port_change
 .text.ux_dcd_synergy_fifo_read_last_bytes
                0x000011e0       0x6c ./synergy/ssp/src/framework/sf_el_ux/ux_dcd_synergy_fifo_read.o
 .text.ux_dcd_synergy_fifo_read_software_copy_16bit
                0x0000124c       0xa0 ./synergy/ssp/src/framework/sf_el_ux/ux_dcd_synergy_fifo_read.o
 .text.ux_dcd_synergy_fifo_read_software_copy_32bit
                0x000012ec       0x6c ./synergy/ssp/src/framework/sf_el_ux/ux_dcd_synergy_fifo_read.o
 .text.ux_dcd_synergy_read_dma_set_16bit
                0x00001358       0x80 ./synergy/ssp/src/framework/sf_el_ux/ux_dcd_synergy_fifo_read.o
 .text.ux_dcd_synergy_fifoc_read
                0x000013d8       0x98 ./synergy/ssp/src/framework/sf_el_ux/ux_dcd_synergy_fifo_read.o
                0x000013d8                ux_dcd_synergy_fifoc_read
 .text.ux_dcd_synergy_fifo_read
                0x00001470       0xc0 ./synergy/ssp/src/framework/sf_el_ux/ux_dcd_synergy_fifo_read.o
                0x00001470                ux_dcd_synergy_fifo_read
 .text.ux_dcd_synergy_fifo_read_dma
                0x00001530      0x1f4 ./synergy/ssp/src/framework/sf_el_ux/ux_dcd_synergy_fifo_read.o
                0x00001530                ux_dcd_synergy_fifo_read_dma
 .text.ux_dcd_synergy_fifo_write_software_copy_16bit
                0x00001724       0xb8 ./synergy/ssp/src/framework/sf_el_ux/ux_dcd_synergy_fifoc_write.o
 .text.ux_dcd_synergy_fifo_write_software_copy
                0x000017dc       0x90 ./synergy/ssp/src/framework/sf_el_ux/ux_dcd_synergy_fifoc_write.o
                0x000017dc                ux_dcd_synergy_fifo_write_software_copy
 .text.ux_dcd_synergy_fifoc_write
                0x0000186c       0x60 ./synergy/ssp/src/framework/sf_el_ux/ux_dcd_synergy_fifoc_write.o
                0x0000186c                ux_dcd_synergy_fifoc_write
 .text.ux_dcd_synergy_write_dma_set_16bit
                0x000018cc       0x80 ./synergy/ssp/src/framework/sf_el_ux/ux_dcd_synergy_fifod_write.o
 .text.ux_dcd_synergy_fifod_write
                0x0000194c       0x90 ./synergy/ssp/src/framework/sf_el_ux/ux_dcd_synergy_fifod_write.o
                0x0000194c                ux_dcd_synergy_fifod_write
 .text.ux_dcd_synergy_write_dma_configure
                0x000019dc       0x68 ./synergy/ssp/src/framework/sf_el_ux/ux_dcd_synergy_fifod_write.o
                0x000019dc                ux_dcd_synergy_write_dma_configure
 .text.ux_dcd_synergy_fifo_dma_start_write
                0x00001a44       0xc4 ./synergy/ssp/src/framework/sf_el_ux/ux_dcd_synergy_fifod_write.o
                0x00001a44                ux_dcd_synergy_fifo_dma_start_write
 .text.ux_dcd_synergy_fifod_write_dma
                0x00001b08      0x130 ./synergy/ssp/src/framework/sf_el_ux/ux_dcd_synergy_fifod_write.o
                0x00001b08                ux_dcd_synergy_fifod_write_dma
 .text.ux_dcd_synergy_frame_number_get
                0x00001c38       0x14 ./synergy/ssp/src/framework/sf_el_ux/ux_dcd_synergy_frame_number_get.o
                0x00001c38                ux_dcd_synergy_frame_number_get
 .text.ux_dcd_synergy_function
                0x00001c4c       0x54 ./synergy/ssp/src/framework/sf_el_ux/ux_dcd_synergy_function.o
                0x00001c4c                ux_dcd_synergy_function
 .text.ux_dcd_synergy_initialize_common
                0x00001ca0      0x30c ./synergy/ssp/src/framework/sf_el_ux/ux_dcd_synergy_initialize.o
 .text.ux_dcd_synergy_initialize
                0x00001fac       0x3c ./synergy/ssp/src/framework/sf_el_ux/ux_dcd_synergy_initialize.o
                0x00001fac                ux_dcd_synergy_initialize
 .text.ux_dcd_synergy_initialize_complete
                0x00001fe8       0x74 ./synergy/ssp/src/framework/sf_el_ux/ux_dcd_synergy_initialize_complete.o
                0x00001fe8                ux_dcd_synergy_initialize_complete
 .text.ux_dcd_synergy_interrupt_handler
                0x0000205c      0x2dc ./synergy/ssp/src/framework/sf_el_ux/ux_dcd_synergy_interrupt_handler.o
                0x0000205c                ux_dcd_synergy_interrupt_handler
 .text.ux_dcd_synergy_register_clear
                0x00002338       0x10 ./synergy/ssp/src/framework/sf_el_ux/ux_dcd_synergy_register_clear.o
                0x00002338                ux_dcd_synergy_register_clear
 .text.ux_dcd_synergy_usb_status_register_clear
                0x00002348       0x10 ./synergy/ssp/src/framework/sf_el_ux/ux_dcd_synergy_register_clear.o
                0x00002348                ux_dcd_synergy_usb_status_register_clear
 .text.ux_dcd_synergy_register_read
                0x00002358        0x8 ./synergy/ssp/src/framework/sf_el_ux/ux_dcd_synergy_register_read.o
                0x00002358                ux_dcd_synergy_register_read
 .text.ux_dcd_synergy_register_set
                0x00002360        0xc ./synergy/ssp/src/framework/sf_el_ux/ux_dcd_synergy_register_set.o
                0x00002360                ux_dcd_synergy_register_set
 .text.ux_dcd_synergy_register_write
                0x0000236c        0x8 ./synergy/ssp/src/framework/sf_el_ux/ux_dcd_synergy_register_write.o
                0x0000236c                ux_dcd_synergy_register_write
 .text.ux_dcd_synergy_transfer_abort
                0x00002374       0xfc ./synergy/ssp/src/framework/sf_el_ux/ux_dcd_synergy_transfer_abort.o
                0x00002374                ux_dcd_synergy_transfer_abort
 .text.ux_dcd_synergy_transfer_callback
                0x00002470      0x450 ./synergy/ssp/src/framework/sf_el_ux/ux_dcd_synergy_transfer_callback.o
                0x00002470                ux_dcd_synergy_transfer_callback
 .text.ux_dcd_synergy_transfer_request
                0x000028c0      0x7d0 ./synergy/ssp/src/framework/sf_el_ux/ux_dcd_synergy_transfer_request.o
                0x000028c0                ux_dcd_synergy_transfer_request
 .text.ux_dcd_synergy_disconnect
                0x00003090       0x3c ./synergy/ssp/src/framework/sf_el_ux/ux_dcd_synergy_uninitialize.o
                0x00003090                ux_dcd_synergy_disconnect
 .text.ux_dcd_synergy_uninitialize_transfer_support
                0x000030cc       0x8c ./synergy/ssp/src/framework/sf_el_ux/ux_dcd_synergy_uninitialize.o
                0x000030cc                ux_dcd_synergy_uninitialize_transfer_support
 .text.ux_dcd_synergy_uninitialize
                0x00003158      0x174 ./synergy/ssp/src/framework/sf_el_ux/ux_dcd_synergy_uninitialize.o
                0x00003158                ux_dcd_synergy_uninitialize
 .text.ux_hcd_synergy_interrupt_handler
                0x000032cc      0x3e8 ./synergy/ssp/src/framework/sf_el_ux/ux_hcd_synergy_interrupt_handler.o
                0x000032cc                ux_hcd_synergy_interrupt_handler
 .text.ux_hcd_synergy_register_clear
                0x000036b4        0xc ./synergy/ssp/src/framework/sf_el_ux/ux_hcd_synergy_register_clear.o
                0x000036b4                ux_hcd_synergy_register_clear
 .text.ux_hcd_synergy_register_read
                0x000036c0        0x8 ./synergy/ssp/src/framework/sf_el_ux/ux_hcd_synergy_register_read.o
                0x000036c0                ux_hcd_synergy_register_read
 .text.ux_hcd_synergy_register_set
                0x000036c8        0xc ./synergy/ssp/src/framework/sf_el_ux/ux_hcd_synergy_register_set.o
                0x000036c8                ux_hcd_synergy_register_set
 .text.ux_hcd_synergy_register_write
                0x000036d4        0x8 ./synergy/ssp/src/framework/sf_el_ux/ux_hcd_synergy_register_write.o
                0x000036d4                ux_hcd_synergy_register_write
 .text.R_IOPORT_PortRead
                0x000036dc       0x34 ./synergy/ssp/src/driver/r_ioport/r_ioport.o
                0x000036dc                R_IOPORT_PortRead
 .text.R_IOPORT_PortWrite
                0x00003710       0x40 ./synergy/ssp/src/driver/r_ioport/r_ioport.o
                0x00003710                R_IOPORT_PortWrite
 .text.R_IOPORT_PortDirectionSet
                0x00003750       0x50 ./synergy/ssp/src/driver/r_ioport/r_ioport.o
                0x00003750                R_IOPORT_PortDirectionSet
 .text.R_IOPORT_PortEventInputRead
                0x000037a0       0x34 ./synergy/ssp/src/driver/r_ioport/r_ioport.o
                0x000037a0                R_IOPORT_PortEventInputRead
 .text.R_IOPORT_PortEventOutputWrite
                0x000037d4       0x3c ./synergy/ssp/src/driver/r_ioport/r_ioport.o
                0x000037d4                R_IOPORT_PortEventOutputWrite
 .text.R_IOPORT_VersionGet
                0x00003810       0x10 ./synergy/ssp/src/driver/r_ioport/r_ioport.o
                0x00003810                R_IOPORT_VersionGet
 .text.bsp_vbatt_init
                0x00003820       0xac ./synergy/ssp/src/driver/r_ioport/r_ioport.o
 .text.R_IOPORT_PinDirectionSet
                0x000038cc       0xd0 ./synergy/ssp/src/driver/r_ioport/r_ioport.o
                0x000038cc                R_IOPORT_PinDirectionSet
 .text.R_IOPORT_EthernetModeCfg
                0x0000399c       0x50 ./synergy/ssp/src/driver/r_ioport/r_ioport.o
                0x0000399c                R_IOPORT_EthernetModeCfg
 .text.R_IOPORT_PinsCfg
                0x000039ec       0xd4 ./synergy/ssp/src/driver/r_ioport/r_ioport.o
                0x000039ec                R_IOPORT_PinsCfg
 .text.R_IOPORT_Init
                0x00003ac0       0x74 ./synergy/ssp/src/driver/r_ioport/r_ioport.o
                0x00003ac0                R_IOPORT_Init
 .text.R_IOPORT_PinRead
                0x00003b34       0x50 ./synergy/ssp/src/driver/r_ioport/r_ioport.o
                0x00003b34                R_IOPORT_PinRead
 .text.R_IOPORT_PinEventInputRead
                0x00003b84       0x5c ./synergy/ssp/src/driver/r_ioport/r_ioport.o
                0x00003b84                R_IOPORT_PinEventInputRead
 .text.R_IOPORT_PinEventOutputWrite
                0x00003be0       0x64 ./synergy/ssp/src/driver/r_ioport/r_ioport.o
                0x00003be0                R_IOPORT_PinEventOutputWrite
 .text.R_IOPORT_PinWrite
                0x00003c44       0x54 ./synergy/ssp/src/driver/r_ioport/r_ioport.o
                0x00003c44                R_IOPORT_PinWrite
 .text.R_IOPORT_PinCfg
                0x00003c98       0xc8 ./synergy/ssp/src/driver/r_ioport/r_ioport.o
                0x00003c98                R_IOPORT_PinCfg
 .text.R_ICU_ExternalIrqTriggerSet
                0x00003d60       0x2c ./synergy/ssp/src/driver/r_icu/r_icu.o
                0x00003d60                R_ICU_ExternalIrqTriggerSet
 .text.R_ICU_ExternalIrqFilterEnable
                0x00003d8c       0x28 ./synergy/ssp/src/driver/r_icu/r_icu.o
                0x00003d8c                R_ICU_ExternalIrqFilterEnable
 .text.R_ICU_ExternalIrqFilterDisable
                0x00003db4       0x28 ./synergy/ssp/src/driver/r_icu/r_icu.o
                0x00003db4                R_ICU_ExternalIrqFilterDisable
 .text.R_ICU_ExternalIrqVersionGet
                0x00003ddc       0x10 ./synergy/ssp/src/driver/r_icu/r_icu.o
                0x00003ddc                R_ICU_ExternalIrqVersionGet
 .text.R_ICU_ExternalIrqDisable
                0x00003dec       0x6c ./synergy/ssp/src/driver/r_icu/r_icu.o
                0x00003dec                R_ICU_ExternalIrqDisable
 .text.R_ICU_ExternalIrqEnable
                0x00003e58       0x58 ./synergy/ssp/src/driver/r_icu/r_icu.o
                0x00003e58                R_ICU_ExternalIrqEnable
 .text.R_ICU_ExternalIrqClose
                0x00003eb0       0x98 ./synergy/ssp/src/driver/r_icu/r_icu.o
                0x00003eb0                R_ICU_ExternalIrqClose
 .text.icu_irq_isr
                0x00003f48       0x54 ./synergy/ssp/src/driver/r_icu/r_icu.o
                0x00003f48                icu_irq_isr
 .text.r_icu_externalIRQ_initialize_interrupt
                0x00003f9c       0x94 ./synergy/ssp/src/driver/r_icu/r_icu.o
                0x00003f9c                r_icu_externalIRQ_initialize_interrupt
 .text.R_ICU_ExternalIrqOpen
                0x00004030       0xc4 ./synergy/ssp/src/driver/r_icu/r_icu.o
                0x00004030                R_ICU_ExternalIrqOpen
 .text.R_ELC_LinkSet
                0x000040f4       0x14 ./synergy/ssp/src/driver/r_elc/r_elc.o
                0x000040f4                R_ELC_LinkSet
 .text.R_ELC_LinkBreak
                0x00004108       0x14 ./synergy/ssp/src/driver/r_elc/r_elc.o
                0x00004108                R_ELC_LinkBreak
 .text.R_ELC_Enable
                0x0000411c       0x14 ./synergy/ssp/src/driver/r_elc/r_elc.o
                0x0000411c                R_ELC_Enable
 .text.R_ELC_Disable
                0x00004130       0x14 ./synergy/ssp/src/driver/r_elc/r_elc.o
                0x00004130                R_ELC_Disable
 .text.R_ELC_VersionGet
                0x00004144       0x10 ./synergy/ssp/src/driver/r_elc/r_elc.o
                0x00004144                R_ELC_VersionGet
 .text.R_ELC_Init
                0x00004154       0x7c ./synergy/ssp/src/driver/r_elc/r_elc.o
                0x00004154                R_ELC_Init
 .text.R_ELC_SoftwareEventGenerate
                0x000041d0       0x30 ./synergy/ssp/src/driver/r_elc/r_elc.o
                0x000041d0                R_ELC_SoftwareEventGenerate
 .text.R_CGC_LCDClockCfg
                0x00004200        0x4 ./synergy/ssp/src/driver/r_cgc/r_cgc.o
                0x00004200                R_CGC_LCDClockCfg
 .text.R_CGC_LCDClockEnable
                0x00004204        0x4 ./synergy/ssp/src/driver/r_cgc/r_cgc.o
                0x00004204                R_CGC_LCDClockEnable
 .text.R_CGC_VersionGet
                0x00004208       0x10 ./synergy/ssp/src/driver/r_cgc/r_cgc.o
                0x00004208                R_CGC_VersionGet
 .text.r_cgc_init_pllfreq
                0x00004218       0xd8 ./synergy/ssp/src/driver/r_cgc/r_cgc.o
 .text.R_CGC_SystemClockFreqGet
                0x000042f0       0xb0 ./synergy/ssp/src/driver/r_cgc/r_cgc.o
                0x000042f0                R_CGC_SystemClockFreqGet
 .text.R_CGC_BusClockOutCfg
                0x000043a0       0x28 ./synergy/ssp/src/driver/r_cgc/r_cgc.o
                0x000043a0                R_CGC_BusClockOutCfg
 .text.R_CGC_BusClockOutEnable
                0x000043c8       0x28 ./synergy/ssp/src/driver/r_cgc/r_cgc.o
                0x000043c8                R_CGC_BusClockOutEnable
 .text.R_CGC_BusClockOutDisable
                0x000043f0       0x28 ./synergy/ssp/src/driver/r_cgc/r_cgc.o
                0x000043f0                R_CGC_BusClockOutDisable
 .text.R_CGC_ClockOutEnable
                0x00004418       0x28 ./synergy/ssp/src/driver/r_cgc/r_cgc.o
                0x00004418                R_CGC_ClockOutEnable
 .text.R_CGC_ClockOutDisable
                0x00004440       0x28 ./synergy/ssp/src/driver/r_cgc/r_cgc.o
                0x00004440                R_CGC_ClockOutDisable
 .text.R_CGC_SDRAMClockOutEnable
                0x00004468       0x28 ./synergy/ssp/src/driver/r_cgc/r_cgc.o
                0x00004468                R_CGC_SDRAMClockOutEnable
 .text.R_CGC_SDRAMClockOutDisable
                0x00004490       0x28 ./synergy/ssp/src/driver/r_cgc/r_cgc.o
                0x00004490                R_CGC_SDRAMClockOutDisable
 .text.R_CGC_USBClockCfg
                0x000044b8       0x28 ./synergy/ssp/src/driver/r_cgc/r_cgc.o
                0x000044b8                R_CGC_USBClockCfg
 .text.R_CGC_SystickUpdate.part.0
                0x000044e0       0x84 ./synergy/ssp/src/driver/r_cgc/r_cgc.o
 .text.R_CGC_SystickUpdate
                0x00004564        0xc ./synergy/ssp/src/driver/r_cgc/r_cgc.o
                0x00004564                R_CGC_SystickUpdate
 .text.R_CGC_ClockOutCfg
                0x00004570       0x5c ./synergy/ssp/src/driver/r_cgc/r_cgc.o
                0x00004570                R_CGC_ClockOutCfg
 .text.r_cgc_system_dividers_set.isra.0
                0x000045cc       0x5c ./synergy/ssp/src/driver/r_cgc/r_cgc.o
 .text.R_CGC_OscStopStatusClear
                0x00004628       0x64 ./synergy/ssp/src/driver/r_cgc/r_cgc.o
                0x00004628                R_CGC_OscStopStatusClear
 .text.R_CGC_SDADCClockCfg
                0x0000468c        0x4 ./synergy/ssp/src/driver/r_cgc/r_cgc.o
                0x0000468c                R_CGC_SDADCClockCfg
 .text.R_CGC_SDADCClockEnable
                0x00004690        0x4 ./synergy/ssp/src/driver/r_cgc/r_cgc.o
                0x00004690                R_CGC_SDADCClockEnable
 .text.R_CGC_SDADCClockDisable
                0x00004694        0x4 ./synergy/ssp/src/driver/r_cgc/r_cgc.o
                0x00004694                R_CGC_SDADCClockDisable
 .text.R_CGC_LCDClockDisable
                0x00004698        0x4 ./synergy/ssp/src/driver/r_cgc/r_cgc.o
                0x00004698                R_CGC_LCDClockDisable
 .text.R_CGC_SystemClockGet
                0x0000469c       0x5c ./synergy/ssp/src/driver/r_cgc/r_cgc.o
                0x0000469c                R_CGC_SystemClockGet
 .text.R_CGC_OscStopDetect
                0x000046f8      0x108 ./synergy/ssp/src/driver/r_cgc/r_cgc.o
                0x000046f8                R_CGC_OscStopDetect
 .text.R_CGC_Init
                0x00004800      0x11c ./synergy/ssp/src/driver/r_cgc/r_cgc.o
                0x00004800                R_CGC_Init
 .text.r_cgc_clock_run_state_get
                0x0000491c       0x68 ./synergy/ssp/src/driver/r_cgc/r_cgc.o
                0x0000491c                r_cgc_clock_run_state_get
 .text.R_CGC_ClockStop
                0x00004984      0x160 ./synergy/ssp/src/driver/r_cgc/r_cgc.o
                0x00004984                R_CGC_ClockStop
 .text.R_CGC_ClockCheck
                0x00004ae4       0x8c ./synergy/ssp/src/driver/r_cgc/r_cgc.o
                0x00004ae4                R_CGC_ClockCheck
 .text.r_cgc_operating_hw_modeset
                0x00004b70      0x100 ./synergy/ssp/src/driver/r_cgc/r_cgc.o
                0x00004b70                r_cgc_operating_hw_modeset
 .text.r_cgc_operating_mode_set
                0x00004c70       0x50 ./synergy/ssp/src/driver/r_cgc/r_cgc.o
 .text.R_CGC_SystemClockSet
                0x00004cc0      0x1e0 ./synergy/ssp/src/driver/r_cgc/r_cgc.o
                0x00004cc0                R_CGC_SystemClockSet
 .text.R_CGC_ClockStart.part.0
                0x00004ea0      0x3e4 ./synergy/ssp/src/driver/r_cgc/r_cgc.o
 .text.R_CGC_ClockStart
                0x00005284       0x70 ./synergy/ssp/src/driver/r_cgc/r_cgc.o
                0x00005284                R_CGC_ClockStart
 .text.r_cgc_clock_start_stop
                0x000052f4       0xc8 ./synergy/ssp/src/driver/r_cgc/r_cgc.o
 .text.R_CGC_ClocksCfg
                0x000053bc      0x16c ./synergy/ssp/src/driver/r_cgc/r_cgc.o
                0x000053bc                R_CGC_ClocksCfg
 .text.R_BSP_CacheOff
                0x00005528       0x28 ./synergy/ssp/src/bsp/mcu/s7g2/bsp_cache.o
                0x00005528                R_BSP_CacheOff
 .text.R_BSP_CacheSet
                0x00005550       0x48 ./synergy/ssp/src/bsp/mcu/s7g2/bsp_cache.o
                0x00005550                R_BSP_CacheSet
 .text.bsp_clock_init
                0x00005598       0x9c ./synergy/ssp/src/bsp/mcu/s7g2/bsp_clocks.o
                0x00005598                bsp_clock_init
 .text.bsp_cpu_clock_get
                0x00005634       0x20 ./synergy/ssp/src/bsp/mcu/s7g2/bsp_clocks.o
                0x00005634                bsp_cpu_clock_get
 .text.bsp_clock_set_callback
                0x00005654      0x144 ./synergy/ssp/src/bsp/mcu/s7g2/bsp_clocks.o
                0x00005654                bsp_clock_set_callback
 .text.R_BSP_FeatureIoportGet
                0x00005798       0x10 ./synergy/ssp/src/bsp/mcu/s7g2/bsp_feature.o
                0x00005798                R_BSP_FeatureIoportGet
 .text.R_BSP_FeatureCgcGet
                0x000057a8        0xc ./synergy/ssp/src/bsp/mcu/s7g2/bsp_feature.o
                0x000057a8                R_BSP_FeatureCgcGet
 .text.bsp_group_interrupt_open
                0x000057b4       0x10 ./synergy/ssp/src/bsp/mcu/s7g2/bsp_group_irq.o
                0x000057b4                bsp_group_interrupt_open
 .text.R_BSP_GroupIrqWrite
                0x000057c4       0x10 ./synergy/ssp/src/bsp/mcu/s7g2/bsp_group_irq.o
                0x000057c4                R_BSP_GroupIrqWrite
 .text.NMI_Handler
                0x000057d4      0x1c8 ./synergy/ssp/src/bsp/mcu/s7g2/bsp_group_irq.o
                0x000057d4                NMI_Handler
 .text.R_BSP_ModuleStop
                0x0000599c       0x54 ./synergy/ssp/src/bsp/mcu/s7g2/bsp_module_stop.o
                0x0000599c                R_BSP_ModuleStop
 .text.R_BSP_ModuleStart
                0x000059f0       0x88 ./synergy/ssp/src/bsp/mcu/s7g2/bsp_module_stop.o
                0x000059f0                R_BSP_ModuleStart
 .text.R_BSP_LedsGet
                0x00005a78       0x24 ./synergy/ssp/src/bsp/mcu/all/bsp_common_leds.o
                0x00005a78                R_BSP_LedsGet
 .text.software_delay_loop
                0x00005a9c        0xc ./synergy/ssp/src/bsp/mcu/all/bsp_delay.o
 .text.R_BSP_SoftwareDelay
                0x00005aa8       0x60 ./synergy/ssp/src/bsp/mcu/all/bsp_delay.o
                0x00005aa8                R_BSP_SoftwareDelay
 .text.R_BSP_IrqStatusClear
                0x00005b08       0x18 ./synergy/ssp/src/bsp/mcu/all/bsp_irq.o
                0x00005b08                R_BSP_IrqStatusClear
 .text.bsp_irq_cfg
                0x00005b20       0x40 ./synergy/ssp/src/bsp/mcu/all/bsp_irq.o
                0x00005b20                bsp_irq_cfg
 .text.R_BSP_HardwareLock
                0x00005b60       0x5c ./synergy/ssp/src/bsp/mcu/all/bsp_locking.o
                0x00005b60                R_BSP_HardwareLock
 .text.R_BSP_HardwareUnlock
                0x00005bbc       0x3c ./synergy/ssp/src/bsp/mcu/all/bsp_locking.o
                0x00005bbc                R_BSP_HardwareUnlock
 .text.bsp_init_hardware_locks
                0x00005bf8       0x60 ./synergy/ssp/src/bsp/mcu/all/bsp_locking.o
                0x00005bf8                bsp_init_hardware_locks
 .text.R_BSP_RegisterProtectEnable
                0x00005c58       0x60 ./synergy/ssp/src/bsp/mcu/all/bsp_register_protection.o
                0x00005c58                R_BSP_RegisterProtectEnable
 .text.R_BSP_RegisterProtectDisable
                0x00005cb8       0x54 ./synergy/ssp/src/bsp/mcu/all/bsp_register_protection.o
                0x00005cb8                R_BSP_RegisterProtectDisable
 .text.bsp_register_protect_open
                0x00005d0c       0x10 ./synergy/ssp/src/bsp/mcu/all/bsp_register_protection.o
                0x00005d0c                bsp_register_protect_open
 .text._sbrk    0x00005d1c       0x3c ./synergy/ssp/src/bsp/mcu/all/bsp_sbrk.o
                0x00005d1c                _sbrk
 .text.Default_Handler
                0x00005d58        0x4 ./synergy/ssp/src/bsp/cmsis/Device/RENESAS/S7G2/Source/startup_S7G2.o
                0x00005d58                HardFault_Handler
                0x00005d58                UsageFault_Handler
                0x00005d58                Default_Handler
                0x00005d58                MemManage_Handler
                0x00005d58                SVC_Handler
                0x00005d58                BusFault_Handler
                0x00005d58                DebugMon_Handler
 .text.Reset_Handler
                0x00005d5c        0xc ./synergy/ssp/src/bsp/cmsis/Device/RENESAS/S7G2/Source/startup_S7G2.o
                0x00005d5c                Reset_Handler
 .text.R_BSP_WarmStart
                0x00005d68        0x4 ./synergy/ssp/src/bsp/cmsis/Device/RENESAS/S7G2/Source/system_S7G2.o
                0x00005d68                R_BSP_WarmStart
 .text.SystemInit
                0x00005d6c      0x160 ./synergy/ssp/src/bsp/cmsis/Device/RENESAS/S7G2/Source/system_S7G2.o
                0x00005d6c                SystemInit
 .text.bsp_init
                0x00005ecc        0x4 ./synergy/board/s7g2_sk/bsp_init.o
                0x00005ecc                bsp_init
 .text.bsp_qspi_xip_enter
                0x00005ed0       0x58 ./synergy/board/s7g2_sk/bsp_qspi.o
                0x00005ed0                bsp_qspi_xip_enter
 .text.bsp_qspi_init
                0x00005f28      0x130 ./synergy/board/s7g2_sk/bsp_qspi.o
                0x00005f28                bsp_qspi_init
 .text.ux_v2_err_callback_internal
                0x00006058        0x4 ./src/synergy_gen/common_data.o
                0x00006058                ux_v2_err_callback
                0x00006058                ux_v2_err_callback_internal
 .text.g_sf_el_ux_dcd_fs_0_err_callback_internal
                0x0000605c        0x4 ./src/synergy_gen/common_data.o
                0x0000605c                g_sf_el_ux_dcd_fs_0_err_callback_internal
                0x0000605c                g_sf_el_ux_dcd_fs_0_err_callback
 .text.ux_dcd_initialize
                0x00006060       0x28 ./src/synergy_gen/common_data.o
                0x00006060                ux_dcd_initialize
 .text.ux_device_err_callback_internal
                0x00006088        0x4 ./src/synergy_gen/common_data.o
                0x00006088                ux_device_err_callback
                0x00006088                ux_device_err_callback_internal
 .text.ux_device_init0
                0x0000608c       0x48 ./src/synergy_gen/common_data.o
                0x0000608c                ux_device_init0
 .text.ux_device_class_cdc_acm_init0
                0x000060d4       0x64 ./src/synergy_gen/common_data.o
                0x000060d4                ux_device_class_cdc_acm_init0
 .text.g_ux_device_class_cdc_acm0_ux_device_open_init
                0x00006138       0x10 ./src/synergy_gen/common_data.o
                0x00006138                g_ux_device_class_cdc_acm0_ux_device_open_init
 .text.g_common_init
                0x00006148       0x40 ./src/synergy_gen/common_data.o
                0x00006148                g_common_init
 .text.ux_cdc_device0_instance_activate
                0x00006188       0x18 ./src/synergy_gen/comms_thread.o
                0x00006188                ux_cdc_device0_instance_activate
 .text.ux_cdc_device0_instance_deactivate_internal
                0x000061a0       0x10 ./src/synergy_gen/comms_thread.o
                0x000061a0                ux_cdc_device0_instance_deactivate
                0x000061a0                ux_cdc_device0_instance_deactivate_internal
 .text.g_sf_comms0_err_callback_internal
                0x000061b0        0x4 ./src/synergy_gen/comms_thread.o
                0x000061b0                g_sf_comms0_err_callback_internal
                0x000061b0                g_sf_comms0_err_callback
 .text.comms_thread_func
                0x000061b4       0x40 ./src/synergy_gen/comms_thread.o
 .text.sf_el_ux_comms_device_close
                0x000061f4       0x30 ./src/synergy_gen/comms_thread.o
                0x000061f4                sf_el_ux_comms_device_close
 .text.sf_el_ux_comms_device_open
                0x00006224       0x1c ./src/synergy_gen/comms_thread.o
                0x00006224                sf_el_ux_comms_device_open
 .text.comms_thread_create
                0x00006240       0x88 ./src/synergy_gen/comms_thread.o
                0x00006240                comms_thread_create
 .text.g_hal_init
                0x000062c8        0x4 ./src/synergy_gen/hal_data.o
                0x000062c8                g_hal_init
 .text.led_thread_func
                0x000062cc       0x10 ./src/synergy_gen/led_thread.o
 .text.led_thread_create
                0x000062dc       0x78 ./src/synergy_gen/led_thread.o
                0x000062dc                led_thread_create
 .text.tx_application_define_internal
                0x00006354        0x4 ./src/synergy_gen/main.o
                0x00006354                tx_application_define_user
                0x00006354                tx_application_define_internal
 .text.tx_startup_err_callback_internal
                0x00006358        0x4 ./src/synergy_gen/main.o
                0x00006358                tx_startup_err_callback_internal
                0x00006358                tx_startup_err_callback
 .text.tx_application_define
                0x0000635c       0x54 ./src/synergy_gen/main.o
                0x0000635c                tx_application_define
 .text.tx_startup_common_init
                0x000063b0       0x64 ./src/synergy_gen/main.o
                0x000063b0                tx_startup_common_init
 .text.startup.main
                0x00006414        0xc ./src/synergy_gen/main.o
                0x00006414                main
 .text.comms_thread_entry
                0x00006420       0x3c ./src/comms_thread_entry.o
                0x00006420                comms_thread_entry
 .text.led_thread_entry
                0x0000645c       0xa4 ./src/led_thread_entry.o
                0x0000645c                led_thread_entry
 .text.external_irq11_callback
                0x00006500        0xc ./src/led_thread_entry.o
                0x00006500                external_irq11_callback
 .text.R_FMI_ProductInfoGet
                0x0000650c       0x34 C:\Users\Admin\e2_studio\workspace_disseration\UsbTransfer\synergy\ssp\src\driver\r_fmi\libs\libfmi_cm4_s7g2_gcc.a(r_fmi.o)
 .text.R_FMI_VersionGet
                0x00006540       0x10 C:\Users\Admin\e2_studio\workspace_disseration\UsbTransfer\synergy\ssp\src\driver\r_fmi\libs\libfmi_cm4_s7g2_gcc.a(r_fmi.o)
 .text.R_FMI_UniqueIdGet
                0x00006550       0x40 C:\Users\Admin\e2_studio\workspace_disseration\UsbTransfer\synergy\ssp\src\driver\r_fmi\libs\libfmi_cm4_s7g2_gcc.a(r_fmi.o)
 .text.R_FMI_EventInfoGet
                0x00006590       0x8c C:\Users\Admin\e2_studio\workspace_disseration\UsbTransfer\synergy\ssp\src\driver\r_fmi\libs\libfmi_cm4_s7g2_gcc.a(r_fmi.o)
 .text.R_FMI_Init
                0x0000661c       0x90 C:\Users\Admin\e2_studio\workspace_disseration\UsbTransfer\synergy\ssp\src\driver\r_fmi\libs\libfmi_cm4_s7g2_gcc.a(r_fmi.o)
 .text.R_FMI_FeatureGet
                0x000066ac      0x238 C:\Users\Admin\e2_studio\workspace_disseration\UsbTransfer\synergy\ssp\src\driver\r_fmi\libs\libfmi_cm4_s7g2_gcc.a(r_fmi.o)
 .text._txe_mutex_create
                0x000068e4       0xa8 C:\Users\Admin\e2_studio\workspace_disseration\UsbTransfer\synergy\ssp\src\framework\el\tx\cm4_gcc\libtx.a(txe_mutex_create.o)
                0x000068e4                _txe_mutex_create
 .text._txe_mutex_delete
                0x0000698c       0x2c C:\Users\Admin\e2_studio\workspace_disseration\UsbTransfer\synergy\ssp\src\framework\el\tx\cm4_gcc\libtx.a(txe_mutex_delete.o)
                0x0000698c                _txe_mutex_delete
 .text._txe_mutex_get
                0x000069b8       0x54 C:\Users\Admin\e2_studio\workspace_disseration\UsbTransfer\synergy\ssp\src\framework\el\tx\cm4_gcc\libtx.a(txe_mutex_get.o)
                0x000069b8                _txe_mutex_get
 .text._txe_mutex_put
                0x00006a0c       0x38 C:\Users\Admin\e2_studio\workspace_disseration\UsbTransfer\synergy\ssp\src\framework\el\tx\cm4_gcc\libtx.a(txe_mutex_put.o)
                0x00006a0c                _txe_mutex_put
 .text._txe_queue_create
                0x00006a44       0xc4 C:\Users\Admin\e2_studio\workspace_disseration\UsbTransfer\synergy\ssp\src\framework\el\tx\cm4_gcc\libtx.a(txe_queue_create.o)
                0x00006a44                _txe_queue_create
 .text._txe_queue_receive
                0x00006b08       0x40 C:\Users\Admin\e2_studio\workspace_disseration\UsbTransfer\synergy\ssp\src\framework\el\tx\cm4_gcc\libtx.a(txe_queue_receive.o)
                0x00006b08                _txe_queue_receive
 .text._txe_queue_send
                0x00006b48       0x40 C:\Users\Admin\e2_studio\workspace_disseration\UsbTransfer\synergy\ssp\src\framework\el\tx\cm4_gcc\libtx.a(txe_queue_send.o)
                0x00006b48                _txe_queue_send
 .text._txe_semaphore_ceiling_put
                0x00006b88       0x30 C:\Users\Admin\e2_studio\workspace_disseration\UsbTransfer\synergy\ssp\src\framework\el\tx\cm4_gcc\libtx.a(txe_semaphore_ceiling_put.o)
                0x00006b88                _txe_semaphore_ceiling_put
 .text._txe_semaphore_create
                0x00006bb8       0xa0 C:\Users\Admin\e2_studio\workspace_disseration\UsbTransfer\synergy\ssp\src\framework\el\tx\cm4_gcc\libtx.a(txe_semaphore_create.o)
                0x00006bb8                _txe_semaphore_create
 .text._txe_semaphore_delete
                0x00006c58       0x2c C:\Users\Admin\e2_studio\workspace_disseration\UsbTransfer\synergy\ssp\src\framework\el\tx\cm4_gcc\libtx.a(txe_semaphore_delete.o)
                0x00006c58                _txe_semaphore_delete
 .text._txe_semaphore_get
                0x00006c84       0x2c C:\Users\Admin\e2_studio\workspace_disseration\UsbTransfer\synergy\ssp\src\framework\el\tx\cm4_gcc\libtx.a(txe_semaphore_get.o)
                0x00006c84                _txe_semaphore_get
 .text._txe_semaphore_put
                0x00006cb0       0x18 C:\Users\Admin\e2_studio\workspace_disseration\UsbTransfer\synergy\ssp\src\framework\el\tx\cm4_gcc\libtx.a(txe_semaphore_put.o)
                0x00006cb0                _txe_semaphore_put
 .text._txe_thread_create
                0x00006cc8      0x14c C:\Users\Admin\e2_studio\workspace_disseration\UsbTransfer\synergy\ssp\src\framework\el\tx\cm4_gcc\libtx.a(txe_thread_create.o)
                0x00006cc8                _txe_thread_create
 .text._tx_initialize_high_level
                0x00006e14       0x70 C:\Users\Admin\e2_studio\workspace_disseration\UsbTransfer\synergy\ssp\src\framework\el\tx\cm4_gcc\libtx.a(tx_initialize_high_level.o)
                0x00006e14                _tx_initialize_high_level
 .text._tx_initialize_kernel_enter
                0x00006e84       0x48 C:\Users\Admin\e2_studio\workspace_disseration\UsbTransfer\synergy\ssp\src\framework\el\tx\cm4_gcc\libtx.a(tx_initialize_kernel_enter.o)
                0x00006e84                _tx_initialize_kernel_enter
 .text.tx_isr_end
                0x00006ecc        0x4 C:\Users\Admin\e2_studio\workspace_disseration\UsbTransfer\synergy\ssp\src\framework\el\tx\cm4_gcc\libtx.a(tx_isr_end.o)
                0x00006ecc                tx_isr_end
 .text.tx_isr_start
                0x00006ed0        0x4 C:\Users\Admin\e2_studio\workspace_disseration\UsbTransfer\synergy\ssp\src\framework\el\tx\cm4_gcc\libtx.a(tx_isr_start.o)
                0x00006ed0                tx_isr_start
 .text._tx_mutex_create
                0x00006ed4       0x60 C:\Users\Admin\e2_studio\workspace_disseration\UsbTransfer\synergy\ssp\src\framework\el\tx\cm4_gcc\libtx.a(tx_mutex_create.o)
                0x00006ed4                _tx_mutex_create
 .text._tx_mutex_delete
                0x00006f34       0xb4 C:\Users\Admin\e2_studio\workspace_disseration\UsbTransfer\synergy\ssp\src\framework\el\tx\cm4_gcc\libtx.a(tx_mutex_delete.o)
                0x00006f34                _tx_mutex_delete
 .text._tx_mutex_get
                0x00006fe8      0x100 C:\Users\Admin\e2_studio\workspace_disseration\UsbTransfer\synergy\ssp\src\framework\el\tx\cm4_gcc\libtx.a(tx_mutex_get.o)
                0x00006fe8                _tx_mutex_get
 .text._tx_mutex_priority_change
                0x000070e8       0xb4 C:\Users\Admin\e2_studio\workspace_disseration\UsbTransfer\synergy\ssp\src\framework\el\tx\cm4_gcc\libtx.a(tx_mutex_priority_change.o)
                0x000070e8                _tx_mutex_priority_change
 .text._tx_mutex_put
                0x0000719c      0x208 C:\Users\Admin\e2_studio\workspace_disseration\UsbTransfer\synergy\ssp\src\framework\el\tx\cm4_gcc\libtx.a(tx_mutex_put.o)
                0x0000719c                _tx_mutex_put
 .text._tx_queue_create
                0x000073a4       0x6c C:\Users\Admin\e2_studio\workspace_disseration\UsbTransfer\synergy\ssp\src\framework\el\tx\cm4_gcc\libtx.a(tx_queue_create.o)
                0x000073a4                _tx_queue_create
 .text._tx_queue_receive
                0x00007410      0x1d0 C:\Users\Admin\e2_studio\workspace_disseration\UsbTransfer\synergy\ssp\src\framework\el\tx\cm4_gcc\libtx.a(tx_queue_receive.o)
                0x00007410                _tx_queue_receive
 .text._tx_queue_send
                0x000075e0      0x11c C:\Users\Admin\e2_studio\workspace_disseration\UsbTransfer\synergy\ssp\src\framework\el\tx\cm4_gcc\libtx.a(tx_queue_send.o)
                0x000075e0                _tx_queue_send
 .text._tx_semaphore_ceiling_put
                0x000076fc       0x60 C:\Users\Admin\e2_studio\workspace_disseration\UsbTransfer\synergy\ssp\src\framework\el\tx\cm4_gcc\libtx.a(tx_semaphore_ceiling_put.o)
                0x000076fc                _tx_semaphore_ceiling_put
 .text._tx_semaphore_create
                0x0000775c       0x54 C:\Users\Admin\e2_studio\workspace_disseration\UsbTransfer\synergy\ssp\src\framework\el\tx\cm4_gcc\libtx.a(tx_semaphore_create.o)
                0x0000775c                _tx_semaphore_create
 .text._tx_semaphore_delete
                0x000077b0       0x98 C:\Users\Admin\e2_studio\workspace_disseration\UsbTransfer\synergy\ssp\src\framework\el\tx\cm4_gcc\libtx.a(tx_semaphore_delete.o)
                0x000077b0                _tx_semaphore_delete
 .text._tx_semaphore_get
                0x00007848       0x84 C:\Users\Admin\e2_studio\workspace_disseration\UsbTransfer\synergy\ssp\src\framework\el\tx\cm4_gcc\libtx.a(tx_semaphore_get.o)
                0x00007848                _tx_semaphore_get
 .text._tx_semaphore_put
                0x000078cc       0x54 C:\Users\Admin\e2_studio\workspace_disseration\UsbTransfer\synergy\ssp\src\framework\el\tx\cm4_gcc\libtx.a(tx_semaphore_put.o)
                0x000078cc                _tx_semaphore_put
 .text._tx_thread_create
                0x00007920      0x134 C:\Users\Admin\e2_studio\workspace_disseration\UsbTransfer\synergy\ssp\src\framework\el\tx\cm4_gcc\libtx.a(tx_thread_create.o)
                0x00007920                _tx_thread_create
 .text._tx_thread_initialize
                0x00007a54       0x64 C:\Users\Admin\e2_studio\workspace_disseration\UsbTransfer\synergy\ssp\src\framework\el\tx\cm4_gcc\libtx.a(tx_thread_initialize.o)
                0x00007a54                _tx_thread_initialize
 .text._tx_thread_shell_entry
                0x00007ab8       0x54 C:\Users\Admin\e2_studio\workspace_disseration\UsbTransfer\synergy\ssp\src\framework\el\tx\cm4_gcc\libtx.a(tx_thread_shell_entry.o)
                0x00007ab8                _tx_thread_shell_entry
 .text._tx_thread_sleep
                0x00007b0c       0x60 C:\Users\Admin\e2_studio\workspace_disseration\UsbTransfer\synergy\ssp\src\framework\el\tx\cm4_gcc\libtx.a(tx_thread_sleep.o)
                0x00007b0c                _tx_thread_sleep
 .text._tx_thread_system_preempt_check
                0x00007b6c       0x3c C:\Users\Admin\e2_studio\workspace_disseration\UsbTransfer\synergy\ssp\src\framework\el\tx\cm4_gcc\libtx.a(tx_thread_system_preempt_check.o)
                0x00007b6c                _tx_thread_system_preempt_check
 .text._tx_thread_system_resume
                0x00007ba8       0xec C:\Users\Admin\e2_studio\workspace_disseration\UsbTransfer\synergy\ssp\src\framework\el\tx\cm4_gcc\libtx.a(tx_thread_system_resume.o)
                0x00007ba8                _tx_thread_system_resume
 .text._tx_thread_system_suspend
                0x00007c94      0x100 C:\Users\Admin\e2_studio\workspace_disseration\UsbTransfer\synergy\ssp\src\framework\el\tx\cm4_gcc\libtx.a(tx_thread_system_suspend.o)
                0x00007c94                _tx_thread_system_suspend
 .text._tx_thread_timeout
                0x00007d94       0x30 C:\Users\Admin\e2_studio\workspace_disseration\UsbTransfer\synergy\ssp\src\framework\el\tx\cm4_gcc\libtx.a(tx_thread_timeout.o)
                0x00007d94                _tx_thread_timeout
 .text._tx_timer_initialize
                0x00007dc4       0x74 C:\Users\Admin\e2_studio\workspace_disseration\UsbTransfer\synergy\ssp\src\framework\el\tx\cm4_gcc\libtx.a(tx_timer_initialize.o)
                0x00007dc4                _tx_timer_initialize
 .text._tx_timer_system_activate
                0x00007e38       0x54 C:\Users\Admin\e2_studio\workspace_disseration\UsbTransfer\synergy\ssp\src\framework\el\tx\cm4_gcc\libtx.a(tx_timer_system_activate.o)
                0x00007e38                _tx_timer_system_activate
 .text._tx_timer_system_deactivate
                0x00007e8c       0x2c C:\Users\Admin\e2_studio\workspace_disseration\UsbTransfer\synergy\ssp\src\framework\el\tx\cm4_gcc\libtx.a(tx_timer_system_deactivate.o)
                0x00007e8c                _tx_timer_system_deactivate
 .text._tx_initialize_low_level
                0x00007eb8       0x88 C:\Users\Admin\e2_studio\workspace_disseration\UsbTransfer\synergy\ssp\src\framework\el\tx\cm4_gcc\libtx.a(tx_initialize_low_level.o)
                0x00007eb8                _tx_initialize_low_level
 .text._tx_thread_schedule
                0x00007f40       0x60 C:\Users\Admin\e2_studio\workspace_disseration\UsbTransfer\synergy\ssp\src\framework\el\tx\cm4_gcc\libtx.a(tx_thread_schedule.o)
                0x00007f40                _tx_thread_schedule
 .text._tx_port_wait_thread_ready
                0x00007fa0       0xa8 C:\Users\Admin\e2_studio\workspace_disseration\UsbTransfer\synergy\ssp\src\framework\el\tx\cm4_gcc\libtx.a(tx_thread_schedule.o)
                0x00007fa0                _tx_port_wait_thread_ready
 .text.PendSV_Handler
                0x00008048       0xa8 C:\Users\Admin\e2_studio\workspace_disseration\UsbTransfer\synergy\ssp\src\framework\el\tx\cm4_gcc\libtx.a(tx_thread_schedule.o)
                0x00008048                PendSV_Handler
 .text.SysTick_Handler
                0x000080f0        0x4 C:\Users\Admin\e2_studio\workspace_disseration\UsbTransfer\synergy\ssp\src\framework\el\tx\cm4_gcc\libtx.a(tx_thread_schedule.o)
                0x000080f0                SysTick_Handler
 .text._tx_thread_stack_build
                0x000080f4       0x50 C:\Users\Admin\e2_studio\workspace_disseration\UsbTransfer\synergy\ssp\src\framework\el\tx\cm4_gcc\libtx.a(tx_thread_stack_build.o)
                0x000080f4                _tx_thread_stack_build
 .text._tx_timer_interrupt
                0x00008144       0xc0 C:\Users\Admin\e2_studio\workspace_disseration\UsbTransfer\synergy\ssp\src\framework\el\tx\cm4_gcc\libtx.a(tx_timer_interrupt.o)
                0x00008144                _tx_timer_interrupt
 .text._tx_mutex_cleanup
                0x00008204       0x80 C:\Users\Admin\e2_studio\workspace_disseration\UsbTransfer\synergy\ssp\src\framework\el\tx\cm4_gcc\libtx.a(tx_mutex_cleanup.o)
                0x00008204                _tx_mutex_cleanup
 .text._tx_mutex_thread_release
                0x00008284       0x44 C:\Users\Admin\e2_studio\workspace_disseration\UsbTransfer\synergy\ssp\src\framework\el\tx\cm4_gcc\libtx.a(tx_mutex_cleanup.o)
                0x00008284                _tx_mutex_thread_release
 .text._tx_mutex_prioritize
                0x000082c8       0x98 C:\Users\Admin\e2_studio\workspace_disseration\UsbTransfer\synergy\ssp\src\framework\el\tx\cm4_gcc\libtx.a(tx_mutex_prioritize.o)
                0x000082c8                _tx_mutex_prioritize
 .text._tx_queue_cleanup
                0x00008360       0x88 C:\Users\Admin\e2_studio\workspace_disseration\UsbTransfer\synergy\ssp\src\framework\el\tx\cm4_gcc\libtx.a(tx_queue_cleanup.o)
                0x00008360                _tx_queue_cleanup
 .text._tx_semaphore_cleanup
                0x000083e8       0x80 C:\Users\Admin\e2_studio\workspace_disseration\UsbTransfer\synergy\ssp\src\framework\el\tx\cm4_gcc\libtx.a(tx_semaphore_cleanup.o)
                0x000083e8                _tx_semaphore_cleanup
 .text._tx_thread_time_slice
                0x00008468       0x6c C:\Users\Admin\e2_studio\workspace_disseration\UsbTransfer\synergy\ssp\src\framework\el\tx\cm4_gcc\libtx.a(tx_thread_time_slice.o)
                0x00008468                _tx_thread_time_slice
 .text._tx_timer_expiration_process
                0x000084d4      0x104 C:\Users\Admin\e2_studio\workspace_disseration\UsbTransfer\synergy\ssp\src\framework\el\tx\cm4_gcc\libtx.a(tx_timer_expiration_process.o)
                0x000084d4                _tx_timer_expiration_process
 .text._ux_device_stack_class_register
                0x000085d8       0x7c C:\Users\Admin\e2_studio\workspace_disseration\UsbTransfer\synergy\ssp\src\framework\el\ux\cm4_gcc\libux.a(ux_device_stack_class_register.o)
                0x000085d8                _ux_device_stack_class_register
 .text._ux_device_stack_class_unregister
                0x00008654       0x78 C:\Users\Admin\e2_studio\workspace_disseration\UsbTransfer\synergy\ssp\src\framework\el\ux\cm4_gcc\libux.a(ux_device_stack_class_unregister.o)
                0x00008654                _ux_device_stack_class_unregister
 .text._ux_device_stack_control_request_process
                0x000086cc      0x218 C:\Users\Admin\e2_studio\workspace_disseration\UsbTransfer\synergy\ssp\src\framework\el\ux\cm4_gcc\libux.a(ux_device_stack_control_request_process.o)
                0x000086cc                _ux_device_stack_control_request_process
 .text._ux_device_stack_descriptor_send
                0x000088e4      0x23c C:\Users\Admin\e2_studio\workspace_disseration\UsbTransfer\synergy\ssp\src\framework\el\ux\cm4_gcc\libux.a(ux_device_stack_descriptor_send.o)
                0x000088e4                _ux_device_stack_descriptor_send
 .text._ux_device_stack_disconnect
                0x00008b20       0x78 C:\Users\Admin\e2_studio\workspace_disseration\UsbTransfer\synergy\ssp\src\framework\el\ux\cm4_gcc\libux.a(ux_device_stack_disconnect.o)
                0x00008b20                _ux_device_stack_disconnect
 .text._ux_device_stack_endpoint_stall
                0x00008b98       0x40 C:\Users\Admin\e2_studio\workspace_disseration\UsbTransfer\synergy\ssp\src\framework\el\ux\cm4_gcc\libux.a(ux_device_stack_endpoint_stall.o)
                0x00008b98                _ux_device_stack_endpoint_stall
 .text._ux_device_stack_get_status
                0x00008bd8       0xa0 C:\Users\Admin\e2_studio\workspace_disseration\UsbTransfer\synergy\ssp\src\framework\el\ux\cm4_gcc\libux.a(ux_device_stack_get_status.o)
                0x00008bd8                _ux_device_stack_get_status
 .text._ux_device_stack_initialize
                0x00008c78      0x1e0 C:\Users\Admin\e2_studio\workspace_disseration\UsbTransfer\synergy\ssp\src\framework\el\ux\cm4_gcc\libux.a(ux_device_stack_initialize.o)
                0x00008c78                _ux_device_stack_initialize
 .text._ux_device_stack_interface_delete
                0x00008e58       0x50 C:\Users\Admin\e2_studio\workspace_disseration\UsbTransfer\synergy\ssp\src\framework\el\ux\cm4_gcc\libux.a(ux_device_stack_interface_delete.o)
                0x00008e58                _ux_device_stack_interface_delete
 .text._ux_device_stack_set_feature
                0x00008ea8       0x68 C:\Users\Admin\e2_studio\workspace_disseration\UsbTransfer\synergy\ssp\src\framework\el\ux\cm4_gcc\libux.a(ux_device_stack_set_feature.o)
                0x00008ea8                _ux_device_stack_set_feature
 .text._ux_device_stack_transfer_abort
                0x00008f10       0x40 C:\Users\Admin\e2_studio\workspace_disseration\UsbTransfer\synergy\ssp\src\framework\el\ux\cm4_gcc\libux.a(ux_device_stack_transfer_abort.o)
                0x00008f10                _ux_device_stack_transfer_abort
 .text._ux_device_stack_transfer_request
                0x00008f50       0xa8 C:\Users\Admin\e2_studio\workspace_disseration\UsbTransfer\synergy\ssp\src\framework\el\ux\cm4_gcc\libux.a(ux_device_stack_transfer_request.o)
                0x00008f50                _ux_device_stack_transfer_request
 .text._ux_device_stack_uninitialize
                0x00008ff8       0x54 C:\Users\Admin\e2_studio\workspace_disseration\UsbTransfer\synergy\ssp\src\framework\el\ux\cm4_gcc\libux.a(ux_device_stack_uninitialize.o)
                0x00008ff8                _ux_device_stack_uninitialize
 .text._ux_system_error_handler
                0x0000904c       0x24 C:\Users\Admin\e2_studio\workspace_disseration\UsbTransfer\synergy\ssp\src\framework\el\ux\cm4_gcc\libux.a(ux_system_error_handler.o)
                0x0000904c                _ux_system_error_handler
 .text._ux_system_initialize
                0x00009070       0xb0 C:\Users\Admin\e2_studio\workspace_disseration\UsbTransfer\synergy\ssp\src\framework\el\ux\cm4_gcc\libux.a(ux_system_initialize.o)
                0x00009070                _ux_system_initialize
 .text._ux_utility_delay_ms
                0x00009120       0x18 C:\Users\Admin\e2_studio\workspace_disseration\UsbTransfer\synergy\ssp\src\framework\el\ux\cm4_gcc\libux.a(ux_utility_delay_ms.o)
                0x00009120                _ux_utility_delay_ms
 .text._ux_utility_descriptor_parse
                0x00009138       0x48 C:\Users\Admin\e2_studio\workspace_disseration\UsbTransfer\synergy\ssp\src\framework\el\ux\cm4_gcc\libux.a(ux_utility_descriptor_parse.o)
                0x00009138                _ux_utility_descriptor_parse
 .text._ux_utility_long_get
                0x00009180        0x4 C:\Users\Admin\e2_studio\workspace_disseration\UsbTransfer\synergy\ssp\src\framework\el\ux\cm4_gcc\libux.a(ux_utility_long_get.o)
                0x00009180                _ux_utility_long_get
 .text._ux_utility_memory_allocate
                0x00009184      0x130 C:\Users\Admin\e2_studio\workspace_disseration\UsbTransfer\synergy\ssp\src\framework\el\ux\cm4_gcc\libux.a(ux_utility_memory_allocate.o)
                0x00009184                _ux_utility_memory_allocate
 .text._ux_utility_memory_allocate_mulc_safe
                0x000092b4       0x28 C:\Users\Admin\e2_studio\workspace_disseration\UsbTransfer\synergy\ssp\src\framework\el\ux\cm4_gcc\libux.a(ux_utility_memory_allocate_mulc_safe.o)
                0x000092b4                _ux_utility_memory_allocate_mulc_safe
 .text._ux_utility_memory_compare
                0x000092dc       0x1c C:\Users\Admin\e2_studio\workspace_disseration\UsbTransfer\synergy\ssp\src\framework\el\ux\cm4_gcc\libux.a(ux_utility_memory_compare.o)
                0x000092dc                _ux_utility_memory_compare
 .text._ux_utility_memory_copy
                0x000092f8       0x14 C:\Users\Admin\e2_studio\workspace_disseration\UsbTransfer\synergy\ssp\src\framework\el\ux\cm4_gcc\libux.a(ux_utility_memory_copy.o)
                0x000092f8                _ux_utility_memory_copy
 .text._ux_utility_memory_free
                0x0000930c       0xac C:\Users\Admin\e2_studio\workspace_disseration\UsbTransfer\synergy\ssp\src\framework\el\ux\cm4_gcc\libux.a(ux_utility_memory_free.o)
                0x0000930c                _ux_utility_memory_free
 .text._ux_utility_memory_free_block_best_get
                0x000093b8       0x64 C:\Users\Admin\e2_studio\workspace_disseration\UsbTransfer\synergy\ssp\src\framework\el\ux\cm4_gcc\libux.a(ux_utility_memory_free_block_best_get.o)
                0x000093b8                _ux_utility_memory_free_block_best_get
 .text._ux_utility_memory_set
                0x0000941c        0x8 C:\Users\Admin\e2_studio\workspace_disseration\UsbTransfer\synergy\ssp\src\framework\el\ux\cm4_gcc\libux.a(ux_utility_memory_set.o)
                0x0000941c                _ux_utility_memory_set
 .text._ux_utility_mutex_create
                0x00009424       0x20 C:\Users\Admin\e2_studio\workspace_disseration\UsbTransfer\synergy\ssp\src\framework\el\ux\cm4_gcc\libux.a(ux_utility_mutex_create.o)
                0x00009424                _ux_utility_mutex_create
 .text._ux_utility_mutex_off
                0x00009444        0x4 C:\Users\Admin\e2_studio\workspace_disseration\UsbTransfer\synergy\ssp\src\framework\el\ux\cm4_gcc\libux.a(ux_utility_mutex_off.o)
                0x00009444                _ux_utility_mutex_off
 .text._ux_utility_mutex_on
                0x00009448       0x1c C:\Users\Admin\e2_studio\workspace_disseration\UsbTransfer\synergy\ssp\src\framework\el\ux\cm4_gcc\libux.a(ux_utility_mutex_on.o)
                0x00009448                _ux_utility_mutex_on
 .text._ux_utility_semaphore_create
                0x00009464       0x20 C:\Users\Admin\e2_studio\workspace_disseration\UsbTransfer\synergy\ssp\src\framework\el\ux\cm4_gcc\libux.a(ux_utility_semaphore_create.o)
                0x00009464                _ux_utility_semaphore_create
 .text._ux_utility_semaphore_delete
                0x00009484        0x4 C:\Users\Admin\e2_studio\workspace_disseration\UsbTransfer\synergy\ssp\src\framework\el\ux\cm4_gcc\libux.a(ux_utility_semaphore_delete.o)
                0x00009484                _ux_utility_semaphore_delete
 .text._ux_utility_semaphore_get
                0x00009488       0x48 C:\Users\Admin\e2_studio\workspace_disseration\UsbTransfer\synergy\ssp\src\framework\el\ux\cm4_gcc\libux.a(ux_utility_semaphore_get.o)
                0x00009488                _ux_utility_semaphore_get
 .text._ux_utility_semaphore_put
                0x000094d0        0x4 C:\Users\Admin\e2_studio\workspace_disseration\UsbTransfer\synergy\ssp\src\framework\el\ux\cm4_gcc\libux.a(ux_utility_semaphore_put.o)
                0x000094d0                _ux_utility_semaphore_put
 .text._ux_utility_short_get
                0x000094d4        0x4 C:\Users\Admin\e2_studio\workspace_disseration\UsbTransfer\synergy\ssp\src\framework\el\ux\cm4_gcc\libux.a(ux_utility_short_get.o)
                0x000094d4                _ux_utility_short_get
 .text._ux_utility_short_put
                0x000094d8        0x8 C:\Users\Admin\e2_studio\workspace_disseration\UsbTransfer\synergy\ssp\src\framework\el\ux\cm4_gcc\libux.a(ux_utility_short_put.o)
                0x000094d8                _ux_utility_short_put
 .text._ux_utility_string_length_check
                0x000094e0       0x38 C:\Users\Admin\e2_studio\workspace_disseration\UsbTransfer\synergy\ssp\src\framework\el\ux\cm4_gcc\libux.a(ux_utility_string_length_check.o)
                0x000094e0                _ux_utility_string_length_check
 .text._ux_device_stack_alternate_setting_get
                0x00009518       0x50 C:\Users\Admin\e2_studio\workspace_disseration\UsbTransfer\synergy\ssp\src\framework\el\ux\cm4_gcc\libux.a(ux_device_stack_alternate_setting_get.o)
                0x00009518                _ux_device_stack_alternate_setting_get
 .text._ux_device_stack_alternate_setting_set
                0x00009568      0x228 C:\Users\Admin\e2_studio\workspace_disseration\UsbTransfer\synergy\ssp\src\framework\el\ux\cm4_gcc\libux.a(ux_device_stack_alternate_setting_set.o)
                0x00009568                _ux_device_stack_alternate_setting_set
 .text._ux_device_stack_clear_feature
                0x00009790       0x68 C:\Users\Admin\e2_studio\workspace_disseration\UsbTransfer\synergy\ssp\src\framework\el\ux\cm4_gcc\libux.a(ux_device_stack_clear_feature.o)
                0x00009790                _ux_device_stack_clear_feature
 .text._ux_device_stack_configuration_get